
 /----------------------------------------------------------------------------\
 |  yosys -- Yosys Open SYnthesis Suite                                       |
 |  Copyright (C) 2012 - 2026  Claire Xenia Wolf <claire@yosyshq.com>         |
 |  Distributed under an ISC-like license, type "license" to see terms        |
 \----------------------------------------------------------------------------/
 Yosys 0.65+57 (git sha1 9d0cdb855-dirty, aarch64-apple-darwin23.5-clang++ 18.1.8 -fPIC -O3)

-- Executing script file `top.ys' --

1. Executing RTLIL frontend.
Input filename: top.il

2. Executing SYNTH_LATTICE pass.

2.1. Executing Verilog-2005 frontend: /Users/zenasboamah/oss-cad-suite/libexec/../share/yosys/lattice/cells_sim_ecp5.v
Parsing Verilog input from `/Users/zenasboamah/oss-cad-suite/libexec/../share/yosys/lattice/cells_sim_ecp5.v' to AST representation.
Generating RTLIL representation for module `\LUT4'.
Generating RTLIL representation for module `\$__ABC9_LUT5'.
Generating RTLIL representation for module `\$__ABC9_LUT6'.
Generating RTLIL representation for module `\$__ABC9_LUT7'.
Generating RTLIL representation for module `\L6MUX21'.
Generating RTLIL representation for module `\TRELLIS_RAM16X2'.
Generating RTLIL representation for module `\PFUMX'.
Generating RTLIL representation for module `\TRELLIS_DPR16X4'.
Generating RTLIL representation for module `\DPR16X4C'.
Generating RTLIL representation for module `\LUT2'.
Generating RTLIL representation for module `\TRELLIS_FF'.
Generating RTLIL representation for module `\TRELLIS_IO'.
Generating RTLIL representation for module `\INV'.
Generating RTLIL representation for module `\TRELLIS_COMB'.
Generating RTLIL representation for module `\VLO'.
Generating RTLIL representation for module `\VHI'.
Generating RTLIL representation for module `\FD1P3AX'.
Generating RTLIL representation for module `\FD1P3AY'.
Generating RTLIL representation for module `\FD1P3BX'.
Generating RTLIL representation for module `\FD1P3DX'.
Generating RTLIL representation for module `\FD1P3IX'.
Generating RTLIL representation for module `\FD1P3JX'.
Generating RTLIL representation for module `\FD1S3AX'.
Generating RTLIL representation for module `\FD1S3AY'.
Generating RTLIL representation for module `\FD1S3BX'.
Generating RTLIL representation for module `\FD1S3DX'.
Generating RTLIL representation for module `\FD1S3IX'.
Generating RTLIL representation for module `\FD1S3JX'.
Generating RTLIL representation for module `\IFS1P3BX'.
Generating RTLIL representation for module `\IFS1P3DX'.
Generating RTLIL representation for module `\IFS1P3IX'.
Generating RTLIL representation for module `\IFS1P3JX'.
Generating RTLIL representation for module `\OFS1P3BX'.
Generating RTLIL representation for module `\OFS1P3DX'.
Generating RTLIL representation for module `\OFS1P3IX'.
Generating RTLIL representation for module `\OFS1P3JX'.
Generating RTLIL representation for module `\IB'.
Generating RTLIL representation for module `\IBPU'.
Generating RTLIL representation for module `\IBPD'.
Generating RTLIL representation for module `\OB'.
Generating RTLIL representation for module `\OBZ'.
Generating RTLIL representation for module `\OBZPU'.
Generating RTLIL representation for module `\OBZPD'.
Generating RTLIL representation for module `\OBCO'.
Generating RTLIL representation for module `\BB'.
Generating RTLIL representation for module `\BBPU'.
Generating RTLIL representation for module `\BBPD'.
Generating RTLIL representation for module `\ILVDS'.
Generating RTLIL representation for module `\OLVDS'.
Generating RTLIL representation for module `\CCU2C'.
Generating RTLIL representation for module `\DP16KD'.
Replacing existing blackbox module `\FD1P3AX' at /Users/zenasboamah/oss-cad-suite/libexec/../share/yosys/lattice/cells_ff.vh:2.1-2.261.
Generating RTLIL representation for module `\FD1P3AX'.
Replacing existing blackbox module `\FD1P3AY' at /Users/zenasboamah/oss-cad-suite/libexec/../share/yosys/lattice/cells_ff.vh:3.1-3.261.
Generating RTLIL representation for module `\FD1P3AY'.
Replacing existing blackbox module `\FD1P3BX' at /Users/zenasboamah/oss-cad-suite/libexec/../share/yosys/lattice/cells_ff.vh:4.1-4.261.
Generating RTLIL representation for module `\FD1P3BX'.
Replacing existing blackbox module `\FD1P3DX' at /Users/zenasboamah/oss-cad-suite/libexec/../share/yosys/lattice/cells_ff.vh:5.1-5.261.
Generating RTLIL representation for module `\FD1P3DX'.
Replacing existing blackbox module `\FD1P3IX' at /Users/zenasboamah/oss-cad-suite/libexec/../share/yosys/lattice/cells_ff.vh:6.1-6.261.
Generating RTLIL representation for module `\FD1P3IX'.
Replacing existing blackbox module `\FD1P3JX' at /Users/zenasboamah/oss-cad-suite/libexec/../share/yosys/lattice/cells_ff.vh:7.1-7.261.
Generating RTLIL representation for module `\FD1P3JX'.
Replacing existing blackbox module `\FD1S3AX' at /Users/zenasboamah/oss-cad-suite/libexec/../share/yosys/lattice/cells_ff.vh:8.1-8.261.
Generating RTLIL representation for module `\FD1S3AX'.
Replacing existing blackbox module `\FD1S3AY' at /Users/zenasboamah/oss-cad-suite/libexec/../share/yosys/lattice/cells_ff.vh:9.1-9.261.
Generating RTLIL representation for module `\FD1S3AY'.
Replacing existing blackbox module `\FD1S3BX' at /Users/zenasboamah/oss-cad-suite/libexec/../share/yosys/lattice/cells_ff.vh:10.1-10.261.
Generating RTLIL representation for module `\FD1S3BX'.
Replacing existing blackbox module `\FD1S3DX' at /Users/zenasboamah/oss-cad-suite/libexec/../share/yosys/lattice/cells_ff.vh:11.1-11.261.
Generating RTLIL representation for module `\FD1S3DX'.
Replacing existing blackbox module `\FD1S3IX' at /Users/zenasboamah/oss-cad-suite/libexec/../share/yosys/lattice/cells_ff.vh:12.1-12.261.
Generating RTLIL representation for module `\FD1S3IX'.
Replacing existing blackbox module `\FD1S3JX' at /Users/zenasboamah/oss-cad-suite/libexec/../share/yosys/lattice/cells_ff.vh:13.1-13.261.
Generating RTLIL representation for module `\FD1S3JX'.
Replacing existing blackbox module `\IFS1P3BX' at /Users/zenasboamah/oss-cad-suite/libexec/../share/yosys/lattice/cells_ff.vh:26.1-26.301.
Generating RTLIL representation for module `\IFS1P3BX'.
Replacing existing blackbox module `\IFS1P3DX' at /Users/zenasboamah/oss-cad-suite/libexec/../share/yosys/lattice/cells_ff.vh:27.1-27.301.
Generating RTLIL representation for module `\IFS1P3DX'.
Replacing existing blackbox module `\IFS1P3IX' at /Users/zenasboamah/oss-cad-suite/libexec/../share/yosys/lattice/cells_ff.vh:28.1-28.301.
Generating RTLIL representation for module `\IFS1P3IX'.
Replacing existing blackbox module `\IFS1P3JX' at /Users/zenasboamah/oss-cad-suite/libexec/../share/yosys/lattice/cells_ff.vh:29.1-29.301.
Generating RTLIL representation for module `\IFS1P3JX'.
Replacing existing blackbox module `\OFS1P3BX' at /Users/zenasboamah/oss-cad-suite/libexec/../share/yosys/lattice/cells_ff.vh:31.1-31.302.
Generating RTLIL representation for module `\OFS1P3BX'.
Replacing existing blackbox module `\OFS1P3DX' at /Users/zenasboamah/oss-cad-suite/libexec/../share/yosys/lattice/cells_ff.vh:32.1-32.302.
Generating RTLIL representation for module `\OFS1P3DX'.
Replacing existing blackbox module `\OFS1P3IX' at /Users/zenasboamah/oss-cad-suite/libexec/../share/yosys/lattice/cells_ff.vh:33.1-33.302.
Generating RTLIL representation for module `\OFS1P3IX'.
Replacing existing blackbox module `\OFS1P3JX' at /Users/zenasboamah/oss-cad-suite/libexec/../share/yosys/lattice/cells_ff.vh:34.1-34.302.
Generating RTLIL representation for module `\OFS1P3JX'.
Replacing existing blackbox module `\IB' at /Users/zenasboamah/oss-cad-suite/libexec/../share/yosys/lattice/cells_io.vh:2.1-2.157.
Generating RTLIL representation for module `\IB'.
Replacing existing blackbox module `\IBPU' at /Users/zenasboamah/oss-cad-suite/libexec/../share/yosys/lattice/cells_io.vh:3.1-3.157.
Generating RTLIL representation for module `\IBPU'.
Replacing existing blackbox module `\IBPD' at /Users/zenasboamah/oss-cad-suite/libexec/../share/yosys/lattice/cells_io.vh:4.1-4.157.
Generating RTLIL representation for module `\IBPD'.
Replacing existing blackbox module `\OB' at /Users/zenasboamah/oss-cad-suite/libexec/../share/yosys/lattice/cells_io.vh:5.1-5.157.
Generating RTLIL representation for module `\OB'.
Replacing existing blackbox module `\OBZ' at /Users/zenasboamah/oss-cad-suite/libexec/../share/yosys/lattice/cells_io.vh:6.1-6.164.
Generating RTLIL representation for module `\OBZ'.
Replacing existing blackbox module `\OBZPU' at /Users/zenasboamah/oss-cad-suite/libexec/../share/yosys/lattice/cells_io.vh:7.1-7.164.
Generating RTLIL representation for module `\OBZPU'.
Replacing existing blackbox module `\OBZPD' at /Users/zenasboamah/oss-cad-suite/libexec/../share/yosys/lattice/cells_io.vh:8.1-8.164.
Generating RTLIL representation for module `\OBZPD'.
Replacing existing blackbox module `\OBCO' at /Users/zenasboamah/oss-cad-suite/libexec/../share/yosys/lattice/cells_io.vh:9.1-9.90.
Generating RTLIL representation for module `\OBCO'.
Replacing existing blackbox module `\BB' at /Users/zenasboamah/oss-cad-suite/libexec/../share/yosys/lattice/cells_io.vh:10.1-10.179.
Generating RTLIL representation for module `\BB'.
Replacing existing blackbox module `\BBPU' at /Users/zenasboamah/oss-cad-suite/libexec/../share/yosys/lattice/cells_io.vh:11.1-11.179.
Generating RTLIL representation for module `\BBPU'.
Replacing existing blackbox module `\BBPD' at /Users/zenasboamah/oss-cad-suite/libexec/../share/yosys/lattice/cells_io.vh:12.1-12.179.
Generating RTLIL representation for module `\BBPD'.
Replacing existing blackbox module `\ILVDS' at /Users/zenasboamah/oss-cad-suite/libexec/../share/yosys/lattice/cells_io.vh:13.1-13.139.
Generating RTLIL representation for module `\ILVDS'.
Replacing existing blackbox module `\OLVDS' at /Users/zenasboamah/oss-cad-suite/libexec/../share/yosys/lattice/cells_io.vh:14.1-14.146.
Generating RTLIL representation for module `\OLVDS'.
Successfully finished Verilog frontend.

2.2. Executing Verilog-2005 frontend: /Users/zenasboamah/oss-cad-suite/libexec/../share/yosys/lattice/cells_bb_ecp5.v
Parsing Verilog input from `/Users/zenasboamah/oss-cad-suite/libexec/../share/yosys/lattice/cells_bb_ecp5.v' to AST representation.
Generating RTLIL representation for module `\GSR'.
Generating RTLIL representation for module `\PUR'.
Generating RTLIL representation for module `\SGSR'.
Generating RTLIL representation for module `\PDPW16KD'.
Generating RTLIL representation for module `\MULT18X18D'.
Generating RTLIL representation for module `\ALU54B'.
Generating RTLIL representation for module `\CLKDIVF'.
Generating RTLIL representation for module `\PCSCLKDIV'.
Generating RTLIL representation for module `\DCSC'.
Generating RTLIL representation for module `\DCCA'.
Generating RTLIL representation for module `\ECLKSYNCB'.
Generating RTLIL representation for module `\ECLKBRIDGECS'.
Generating RTLIL representation for module `\DELAYF'.
Generating RTLIL representation for module `\DELAYG'.
Generating RTLIL representation for module `\USRMCLK'.
Generating RTLIL representation for module `\DQSBUFM'.
Generating RTLIL representation for module `\DDRDLLA'.
Generating RTLIL representation for module `\DLLDELD'.
Generating RTLIL representation for module `\IDDRX1F'.
Generating RTLIL representation for module `\IDDRX2F'.
Generating RTLIL representation for module `\IDDR71B'.
Generating RTLIL representation for module `\IDDRX2DQA'.
Generating RTLIL representation for module `\ODDRX1F'.
Generating RTLIL representation for module `\ODDRX2F'.
Generating RTLIL representation for module `\ODDR71B'.
Generating RTLIL representation for module `\OSHX2A'.
Generating RTLIL representation for module `\TSHX2DQA'.
Generating RTLIL representation for module `\TSHX2DQSA'.
Generating RTLIL representation for module `\ODDRX2DQA'.
Generating RTLIL representation for module `\ODDRX2DQSB'.
Generating RTLIL representation for module `\EHXPLLL'.
Generating RTLIL representation for module `\DTR'.
Generating RTLIL representation for module `\OSCG'.
Generating RTLIL representation for module `\EXTREFB'.
Generating RTLIL representation for module `\JTAGG'.
Generating RTLIL representation for module `\DCUA'.
Successfully finished Verilog frontend.

2.3. Executing HIERARCHY pass (managing design hierarchy).

2.3.1. Analyzing design hierarchy..
Top module:  \top
Used module:     \top.pin_led_2
Used module:         \top.pin_led_2.buf
Used module:             \top.pin_led_2.buf.buf
Used module:     \top.pin_led_1
Used module:         \top.pin_led_1.buf
Used module:             \top.pin_led_1.buf.buf
Used module:     \top.pin_led_0
Used module:         \top.pin_led_0.buf
Used module:             \top.pin_led_0.buf.buf
Used module:     \top.pin_uart_0__tx
Used module:         \top.pin_uart_0__tx.buf
Used module:             \top.pin_uart_0__tx.buf.buf
Used module:     \top.pin_uart_0__rx
Used module:         \top.pin_uart_0__rx.buf
Used module:             \top.pin_uart_0__rx.buf.buf
Used module:     \top.cd_sync
Used module:         \top.cd_sync.clk_buf
Used module:             \top.cd_sync.clk_buf.buf
Used module:     \top.tx$23
Used module:     \top.rx$22

2.3.2. Analyzing design hierarchy..
Top module:  \top
Used module:     \top.pin_led_2
Used module:         \top.pin_led_2.buf
Used module:             \top.pin_led_2.buf.buf
Used module:     \top.pin_led_1
Used module:         \top.pin_led_1.buf
Used module:             \top.pin_led_1.buf.buf
Used module:     \top.pin_led_0
Used module:         \top.pin_led_0.buf
Used module:             \top.pin_led_0.buf.buf
Used module:     \top.pin_uart_0__tx
Used module:         \top.pin_uart_0__tx.buf
Used module:             \top.pin_uart_0__tx.buf.buf
Used module:     \top.pin_uart_0__rx
Used module:         \top.pin_uart_0__rx.buf
Used module:             \top.pin_uart_0__rx.buf.buf
Used module:     \top.cd_sync
Used module:         \top.cd_sync.clk_buf
Used module:             \top.cd_sync.clk_buf.buf
Used module:     \top.tx$23
Used module:     \top.rx$22
Removed 0 unused modules.

2.4. Executing PROC pass (convert processes to netlists).

2.4.1. Executing PROC_CLEAN pass (remove empty switches from decision trees).
Cleaned up 0 empty switches.

2.4.2. Executing PROC_RMDEAD pass (remove dead branches from decision trees).
Marked 1 switch rules as full_case in process $45 in module top.tx$23.
Marked 1 switch rules as full_case in process $43 in module top.tx$23.
Marked 5 switch rules as full_case in process $41 in module top.tx$23.
Marked 1 switch rules as full_case in process $35 in module top.tx$23.
Marked 1 switch rules as full_case in process $48 in module top.rx$22.
Marked 1 switch rules as full_case in process $46 in module top.rx$22.
Marked 1 switch rules as full_case in process $44 in module top.rx$22.
Marked 2 switch rules as full_case in process $42 in module top.rx$22.
Marked 4 switch rules as full_case in process $40 in module top.rx$22.
Marked 1 switch rules as full_case in process $36 in module top.rx$22.
Marked 1 switch rules as full_case in process $21 in module top.
Marked 1 switch rules as full_case in process $19 in module top.
Marked 1 switch rules as full_case in process $18 in module top.
Removed a total of 0 dead cases.

2.4.3. Executing PROC_PRUNE pass (remove redundant assignments in processes).
Removed 0 redundant assignments.
Promoted 0 assignments to connections.

2.4.4. Executing PROC_INIT pass (extract init attributes).

2.4.5. Executing PROC_ARST pass (detect async resets in processes).

2.4.6. Executing PROC_ROM pass (convert switches to ROMs).
Converted 0 switches.
<suppressed ~59 debug messages>

2.4.7. Executing PROC_MUX pass (convert decision trees to multiplexers).
Creating decoders for process `\top.tx$23.$45'.
     1/1: $20
Creating decoders for process `\top.tx$23.$43'.
     1/1: $19
Creating decoders for process `\top.tx$23.$41'.
     1/1: $18
Creating decoders for process `\top.tx$23.$39'.
     1/1: $17
Creating decoders for process `\top.tx$23.$37'.
     1/1: $16
Creating decoders for process `\top.tx$23.$35'.
     1/1: $15
Creating decoders for process `\top.rx$22.$48'.
     1/1: $21
Creating decoders for process `\top.rx$22.$46'.
     1/8: $20 [7]
     2/8: $20 [6]
     3/8: $20 [5]
     4/8: $20 [4]
     5/8: $20 [3]
     6/8: $20 [2]
     7/8: $20 [1]
     8/8: $20 [0]
Creating decoders for process `\top.rx$22.$44'.
     1/1: $19
Creating decoders for process `\top.rx$22.$42'.
     1/1: $18
Creating decoders for process `\top.rx$22.$40'.
     1/1: $17
Creating decoders for process `\top.rx$22.$38'.
     1/1: $16
Creating decoders for process `\top.rx$22.$36'.
     1/1: $15
Creating decoders for process `\top.$21'.
     1/1: $9
Creating decoders for process `\top.$19'.
     1/1: $8
Creating decoders for process `\top.$18'.
     1/1: \led_2__o

2.4.8. Executing PROC_DLATCH pass (convert process syncs to latches).

2.4.9. Executing PROC_DFF pass (convert process syncs to FFs).

2.4.10. Executing PROC_MEMWR pass (convert process memory writes to cells).

2.4.11. Executing PROC_CLEAN pass (remove empty switches from decision trees).
Found and cleaned up 6 empty switches in `\top.tx$23.$45'.
Removing empty process `top.tx$23.$45'.
Found and cleaned up 4 empty switches in `\top.tx$23.$43'.
Removing empty process `top.tx$23.$43'.
Found and cleaned up 6 empty switches in `\top.tx$23.$41'.
Removing empty process `top.tx$23.$41'.
Found and cleaned up 2 empty switches in `\top.tx$23.$39'.
Removing empty process `top.tx$23.$39'.
Found and cleaned up 2 empty switches in `\top.tx$23.$37'.
Removing empty process `top.tx$23.$37'.
Found and cleaned up 5 empty switches in `\top.tx$23.$35'.
Removing empty process `top.tx$23.$35'.
Found and cleaned up 2 empty switches in `\top.rx$22.$48'.
Removing empty process `top.rx$22.$48'.
Found and cleaned up 3 empty switches in `\top.rx$22.$46'.
Removing empty process `top.rx$22.$46'.
Found and cleaned up 5 empty switches in `\top.rx$22.$44'.
Removing empty process `top.rx$22.$44'.
Found and cleaned up 7 empty switches in `\top.rx$22.$42'.
Removing empty process `top.rx$22.$42'.
Found and cleaned up 6 empty switches in `\top.rx$22.$40'.
Removing empty process `top.rx$22.$40'.
Found and cleaned up 2 empty switches in `\top.rx$22.$38'.
Removing empty process `top.rx$22.$38'.
Found and cleaned up 2 empty switches in `\top.rx$22.$36'.
Removing empty process `top.rx$22.$36'.
Found and cleaned up 3 empty switches in `\top.$21'.
Removing empty process `top.$21'.
Found and cleaned up 3 empty switches in `\top.$19'.
Removing empty process `top.$19'.
Found and cleaned up 1 empty switch in `\top.$18'.
Removing empty process `top.$18'.
Cleaned up 59 empty switches.

2.4.12. Executing OPT_EXPR pass (perform const folding).
Optimizing module top.pin_led_2.buf.buf.
Optimizing module top.pin_led_2.buf.
<suppressed ~2 debug messages>
Optimizing module top.pin_led_2.
Optimizing module top.pin_led_1.buf.buf.
Optimizing module top.pin_led_1.buf.
<suppressed ~2 debug messages>
Optimizing module top.pin_led_1.
Optimizing module top.pin_led_0.buf.buf.
Optimizing module top.pin_led_0.buf.
<suppressed ~2 debug messages>
Optimizing module top.pin_led_0.
Optimizing module top.pin_uart_0__tx.buf.buf.
Optimizing module top.pin_uart_0__tx.buf.
<suppressed ~2 debug messages>
Optimizing module top.pin_uart_0__tx.
Optimizing module top.pin_uart_0__rx.buf.buf.
Optimizing module top.pin_uart_0__rx.buf.
<suppressed ~1 debug messages>
Optimizing module top.pin_uart_0__rx.
Optimizing module top.cd_sync.clk_buf.buf.
Optimizing module top.cd_sync.clk_buf.
<suppressed ~1 debug messages>
Optimizing module top.cd_sync.
<suppressed ~1 debug messages>
Optimizing module top.tx$23.
<suppressed ~10 debug messages>
Optimizing module top.rx$22.
<suppressed ~14 debug messages>
Optimizing module top.
<suppressed ~3 debug messages>

2.5. Executing CHECK pass (checking for obvious problems).
Checking module top.pin_led_2.buf.buf...
Checking module top.pin_led_2.buf...
Checking module top.pin_led_2...
Checking module top.pin_led_1.buf.buf...
Checking module top.pin_led_1.buf...
Checking module top.pin_led_1...
Checking module top.pin_led_0.buf.buf...
Checking module top.pin_led_0.buf...
Checking module top.pin_led_0...
Checking module top.pin_uart_0__tx.buf.buf...
Checking module top.pin_uart_0__tx.buf...
Checking module top.pin_uart_0__tx...
Checking module top.pin_uart_0__rx.buf.buf...
Checking module top.pin_uart_0__rx.buf...
Checking module top.pin_uart_0__rx...
Checking module top.cd_sync.clk_buf.buf...
Checking module top.cd_sync.clk_buf...
Checking module top.cd_sync...
Checking module top.tx$23...
Checking module top.rx$22...
Checking module top...
Found and reported 0 problems.

2.6. Executing FLATTEN pass (flatten design).
Deleting now unused module top.pin_led_2.buf.buf.
Deleting now unused module top.pin_led_2.buf.
Deleting now unused module top.pin_led_2.
Deleting now unused module top.pin_led_1.buf.buf.
Deleting now unused module top.pin_led_1.buf.
Deleting now unused module top.pin_led_1.
Deleting now unused module top.pin_led_0.buf.buf.
Deleting now unused module top.pin_led_0.buf.
Deleting now unused module top.pin_led_0.
Deleting now unused module top.pin_uart_0__tx.buf.buf.
Deleting now unused module top.pin_uart_0__tx.buf.
Deleting now unused module top.pin_uart_0__tx.
Deleting now unused module top.pin_uart_0__rx.buf.buf.
Deleting now unused module top.pin_uart_0__rx.buf.
Deleting now unused module top.pin_uart_0__rx.
Deleting now unused module top.cd_sync.clk_buf.buf.
Deleting now unused module top.cd_sync.clk_buf.
Deleting now unused module top.cd_sync.
Deleting now unused module top.tx$23.
Deleting now unused module top.rx$22.
<suppressed ~20 debug messages>

2.7. Executing TRIBUF pass.

2.8. Executing DEMINOUT pass (demote inout ports to input or output).

2.9. Executing OPT_EXPR pass (perform const folding).
Optimizing module top.

2.10. Executing OPT_CLEAN pass (remove unused cells and wires).
Finding unused cells or wires in module \top..
Removed 11 unused cells and 90 unused wires.
<suppressed ~12 debug messages>

2.11. Executing CHECK pass (checking for obvious problems).
Checking module top...
Found and reported 0 problems.

2.12. Executing OPT pass (performing simple optimizations).

2.12.1. Executing OPT_EXPR pass (perform const folding).
Optimizing module top.

2.12.2. Executing OPT_MERGE pass (detect identical cells).
Finding identical cells in module `\top'.
Computing hashes of 195 cells of `\top'.
Finding duplicate cells in `\top'.
Computing hashes of 156 cells of `\top'.
Finding duplicate cells in `\top'.
<suppressed ~117 debug messages>
Removed a total of 39 cells.

2.12.3. Executing OPT_MUXTREE pass (detect dead branches in mux trees).
Running muxtree optimizer on module \top..
  Creating internal representation of mux trees.
  Evaluating internal representation of mux trees.
      Replacing known input bits on port A of cell $procmux$428: \fsm_state -> 1'0
      Replacing known input bits on port A of cell $procmux$426: \fsm_state -> 1'1
      Replacing known input bits on port A of cell $procmux$430: \fsm_state -> 1'0
  Analyzing evaluation results.
Removed 0 multiplexer ports.
<suppressed ~105 debug messages>

2.12.4. Executing OPT_REDUCE pass (consolidate $*mux and $reduce_* inputs).
  Optimizing cells in module \top.
Performed a total of 0 changes.

2.12.5. Executing OPT_MERGE pass (detect identical cells).
Finding identical cells in module `\top'.
Computing hashes of 156 cells of `\top'.
Finding duplicate cells in `\top'.
Computing hashes of 155 cells of `\top'.
Finding duplicate cells in `\top'.
<suppressed ~3 debug messages>
Removed a total of 1 cells.

2.12.6. Executing OPT_DFF pass (perform DFF optimizations).

2.12.7. Executing OPT_CLEAN pass (remove unused cells and wires).
Finding unused cells or wires in module \top..
Removed 0 unused cells and 40 unused wires.
<suppressed ~1 debug messages>

2.12.8. Executing OPT_EXPR pass (perform const folding).
Optimizing module top.

2.12.9. Rerunning OPT passes. (Maybe there is more to do..)

2.12.10. Executing OPT_MUXTREE pass (detect dead branches in mux trees).
Running muxtree optimizer on module \top..
  Creating internal representation of mux trees.
  Evaluating internal representation of mux trees.
  Analyzing evaluation results.
Removed 0 multiplexer ports.
<suppressed ~105 debug messages>

2.12.11. Executing OPT_REDUCE pass (consolidate $*mux and $reduce_* inputs).
  Optimizing cells in module \top.
    New ctrl vector for $pmux cell $flatten\tx$23.$procmux$254: { $flatten\tx$23.$procmux$229_CMP $auto$opt_reduce.cc:135:opt_pmux$468 $flatten\tx$23.$procmux$240_CMP }
  Optimizing cells in module \top.
Performed a total of 1 changes.

2.12.12. Executing OPT_MERGE pass (detect identical cells).
Finding identical cells in module `\top'.
Computing hashes of 156 cells of `\top'.
Finding duplicate cells in `\top'.
Removed a total of 0 cells.

2.12.13. Executing OPT_DFF pass (perform DFF optimizations).

2.12.14. Executing OPT_CLEAN pass (remove unused cells and wires).
Finding unused cells or wires in module \top..

2.12.15. Executing OPT_EXPR pass (perform const folding).
Optimizing module top.

2.12.16. Rerunning OPT passes. (Maybe there is more to do..)

2.12.17. Executing OPT_MUXTREE pass (detect dead branches in mux trees).
Running muxtree optimizer on module \top..
  Creating internal representation of mux trees.
  Evaluating internal representation of mux trees.
  Analyzing evaluation results.
Removed 0 multiplexer ports.
<suppressed ~104 debug messages>

2.12.18. Executing OPT_REDUCE pass (consolidate $*mux and $reduce_* inputs).
  Optimizing cells in module \top.
Performed a total of 0 changes.

2.12.19. Executing OPT_MERGE pass (detect identical cells).
Finding identical cells in module `\top'.
Computing hashes of 156 cells of `\top'.
Finding duplicate cells in `\top'.
Removed a total of 0 cells.

2.12.20. Executing OPT_DFF pass (perform DFF optimizations).

2.12.21. Executing OPT_CLEAN pass (remove unused cells and wires).
Finding unused cells or wires in module \top..

2.12.22. Executing OPT_EXPR pass (perform const folding).
Optimizing module top.

2.12.23. Finished fast OPT passes. (There is nothing left to do.)

2.13. Executing FSM pass (extract and optimize FSM).

2.13.1. Executing FSM_DETECT pass (finding FSMs in design).
Not marking top.tx$23.fsm_state as FSM state register:
    Register has an initialization value.
Not marking top.rx$22.fsm_state as FSM state register:
    Register has an initialization value.
Not marking top.tx$23.shift as FSM state register:
    Users of register don't seem to benefit from recoding.
    Register has an initialization value.

2.13.2. Executing FSM_EXTRACT pass (extracting FSM from design).

2.13.3. Executing FSM_OPT pass (simple optimizations of FSMs).

2.13.4. Executing OPT_CLEAN pass (remove unused cells and wires).
Finding unused cells or wires in module \top..

2.13.5. Executing FSM_OPT pass (simple optimizations of FSMs).

2.13.6. Executing FSM_RECODE pass (re-assigning FSM state encoding).

2.13.7. Executing FSM_INFO pass (dumping all available information on FSM cells).

2.13.8. Executing FSM_MAP pass (mapping FSMs to basic logic).

2.14. Executing OPT pass (performing simple optimizations).

2.14.1. Executing OPT_EXPR pass (perform const folding).
Optimizing module top.

2.14.2. Executing OPT_MERGE pass (detect identical cells).
Finding identical cells in module `\top'.
Computing hashes of 156 cells of `\top'.
Finding duplicate cells in `\top'.
Removed a total of 0 cells.

2.14.3. Executing OPT_MUXTREE pass (detect dead branches in mux trees).
Running muxtree optimizer on module \top..
  Creating internal representation of mux trees.
  Evaluating internal representation of mux trees.
  Analyzing evaluation results.
Removed 0 multiplexer ports.
<suppressed ~104 debug messages>

2.14.4. Executing OPT_REDUCE pass (consolidate $*mux and $reduce_* inputs).
  Optimizing cells in module \top.
Performed a total of 0 changes.

2.14.5. Executing OPT_MERGE pass (detect identical cells).
Finding identical cells in module `\top'.
Computing hashes of 156 cells of `\top'.
Finding duplicate cells in `\top'.
Removed a total of 0 cells.

2.14.6. Executing OPT_DFF pass (perform DFF optimizations).
Adding EN signal on $flatten\tx$23.$46 ($dff) from module top (D = $flatten\tx$23.$20, Q = \tx$23.fsm_state).
Adding EN signal on $flatten\tx$23.$44 ($dff) from module top (D = $flatten\tx$23.$19, Q = \tx$23.bit_index).
Adding EN signal on $flatten\tx$23.$42 ($dff) from module top (D = $flatten\tx$23.$18, Q = \tx$23.bit_timer).
Adding EN signal on $flatten\tx$23.$40 ($dff) from module top (D = 8'00000000, Q = \tx$23.shift).
Adding EN signal on $flatten\tx$23.$38 ($dff) from module top (D = $flatten\tx$23.$procmux$273_Y, Q = \tx$23.busy).
Adding EN signal on $flatten\tx$23.$36 ($dff) from module top (D = $flatten\tx$23.$15, Q = \tx$23.tx).
Adding EN signal on $flatten\rx$22.$49 ($dff) from module top (D = \rx$22.shift, Q = \rx$22.data).
Adding EN signal on $flatten\rx$22.$47 ($dff) from module top (D = \pin_uart_0__rx.buf.buf.i, Q = \rx$22.shift [0]).
Adding EN signal on $flatten\rx$22.$47 ($dff) from module top (D = \pin_uart_0__rx.buf.buf.i, Q = \rx$22.shift [1]).
Adding EN signal on $flatten\rx$22.$47 ($dff) from module top (D = \pin_uart_0__rx.buf.buf.i, Q = \rx$22.shift [2]).
Adding EN signal on $flatten\rx$22.$47 ($dff) from module top (D = \pin_uart_0__rx.buf.buf.i, Q = \rx$22.shift [3]).
Adding EN signal on $flatten\rx$22.$47 ($dff) from module top (D = \pin_uart_0__rx.buf.buf.i, Q = \rx$22.shift [4]).
Adding EN signal on $flatten\rx$22.$47 ($dff) from module top (D = \pin_uart_0__rx.buf.buf.i, Q = \rx$22.shift [5]).
Adding EN signal on $flatten\rx$22.$47 ($dff) from module top (D = \pin_uart_0__rx.buf.buf.i, Q = \rx$22.shift [6]).
Adding EN signal on $flatten\rx$22.$47 ($dff) from module top (D = \pin_uart_0__rx.buf.buf.i, Q = \rx$22.shift [7]).
Adding EN signal on $flatten\rx$22.$45 ($dff) from module top (D = $flatten\rx$22.$19, Q = \rx$22.bit_index).
Adding EN signal on $flatten\rx$22.$43 ($dff) from module top (D = $flatten\rx$22.$18, Q = \rx$22.fsm_state).
Adding EN signal on $flatten\rx$22.$41 ($dff) from module top (D = $flatten\rx$22.$17, Q = \rx$22.bit_timer).
Adding EN signal on $flatten\rx$22.$39 ($dff) from module top (D = $flatten\rx$22.$procmux$418_Y, Q = \rx$22.busy).
Adding SRST signal on $flatten\rx$22.$37 ($dff) from module top (D = \pin_uart_0__rx.buf.buf.i, Q = \rx$22.valid, rval = 1'0).
Setting constant 0-bit at position 0 on $auto$ff.cc:337:slice$504 ($dffe) from module top.
Setting constant 0-bit at position 1 on $auto$ff.cc:337:slice$504 ($dffe) from module top.
Setting constant 0-bit at position 2 on $auto$ff.cc:337:slice$504 ($dffe) from module top.
Setting constant 0-bit at position 3 on $auto$ff.cc:337:slice$504 ($dffe) from module top.
Setting constant 0-bit at position 4 on $auto$ff.cc:337:slice$504 ($dffe) from module top.
Setting constant 0-bit at position 5 on $auto$ff.cc:337:slice$504 ($dffe) from module top.
Setting constant 0-bit at position 6 on $auto$ff.cc:337:slice$504 ($dffe) from module top.
Setting constant 0-bit at position 7 on $auto$ff.cc:337:slice$504 ($dffe) from module top.

2.14.7. Executing OPT_CLEAN pass (remove unused cells and wires).
Finding unused cells or wires in module \top..
Removed 33 unused cells and 26 unused wires.
<suppressed ~34 debug messages>

2.14.8. Executing OPT_EXPR pass (perform const folding).
Optimizing module top.
<suppressed ~7 debug messages>

2.14.9. Rerunning OPT passes. (Maybe there is more to do..)

2.14.10. Executing OPT_MUXTREE pass (detect dead branches in mux trees).
Running muxtree optimizer on module \top..
  Creating internal representation of mux trees.
  Evaluating internal representation of mux trees.
  Analyzing evaluation results.
Removed 0 multiplexer ports.
<suppressed ~61 debug messages>

2.14.11. Executing OPT_REDUCE pass (consolidate $*mux and $reduce_* inputs).
  Optimizing cells in module \top.
Performed a total of 0 changes.

2.14.12. Executing OPT_MERGE pass (detect identical cells).
Finding identical cells in module `\top'.
Computing hashes of 178 cells of `\top'.
Finding duplicate cells in `\top'.
Computing hashes of 168 cells of `\top'.
Finding duplicate cells in `\top'.
<suppressed ~30 debug messages>
Removed a total of 10 cells.

2.14.13. Executing OPT_DFF pass (perform DFF optimizations).

2.14.14. Executing OPT_CLEAN pass (remove unused cells and wires).
Finding unused cells or wires in module \top..
Removed 0 unused cells and 10 unused wires.
<suppressed ~1 debug messages>

2.14.15. Executing OPT_EXPR pass (perform const folding).
Optimizing module top.

2.14.16. Rerunning OPT passes. (Maybe there is more to do..)

2.14.17. Executing OPT_MUXTREE pass (detect dead branches in mux trees).
Running muxtree optimizer on module \top..
  Creating internal representation of mux trees.
  Evaluating internal representation of mux trees.
  Analyzing evaluation results.
Removed 0 multiplexer ports.
<suppressed ~61 debug messages>

2.14.18. Executing OPT_REDUCE pass (consolidate $*mux and $reduce_* inputs).
  Optimizing cells in module \top.
Performed a total of 0 changes.

2.14.19. Executing OPT_MERGE pass (detect identical cells).
Finding identical cells in module `\top'.
Computing hashes of 168 cells of `\top'.
Finding duplicate cells in `\top'.
Removed a total of 0 cells.

2.14.20. Executing OPT_DFF pass (perform DFF optimizations).

2.14.21. Executing OPT_CLEAN pass (remove unused cells and wires).
Finding unused cells or wires in module \top..

2.14.22. Executing OPT_EXPR pass (perform const folding).
Optimizing module top.

2.14.23. Finished fast OPT passes. (There is nothing left to do.)

2.15. Executing WREDUCE pass (reducing word size of cells).
Removed top 1 bits (of 2) from port B of cell top.$auto$opt_dff.cc:235:make_patterns_logic$569 ($ne).
Removed top 1 bits (of 2) from port B of cell top.$auto$opt_dff.cc:235:make_patterns_logic$565 ($ne).
Removed top 1 bits (of 2) from port B of cell top.$auto$opt_dff.cc:235:make_patterns_logic$554 ($ne).
Removed top 1 bits (of 2) from port B of cell top.$auto$opt_dff.cc:235:make_patterns_logic$548 ($ne).
Removed top 1 bits (of 2) from port B of cell top.$auto$opt_dff.cc:235:make_patterns_logic$514 ($ne).
Removed top 1 bits (of 2) from port B of cell top.$auto$opt_dff.cc:235:make_patterns_logic$512 ($ne).
Removed top 1 bits (of 2) from port B of cell top.$auto$opt_dff.cc:235:make_patterns_logic$481 ($ne).
Removed top 1 bits (of 2) from port B of cell top.$auto$opt_dff.cc:235:make_patterns_logic$477 ($ne).
Removed top 1 bits (of 2) from port B of cell top.$flatten\rx$22.$procmux$381_CMP0 ($eq).
Removed top 2 bits (of 3) from port B of cell top.$flatten\rx$22.$procmux$352_CMP0 ($eq).
Removed top 1 bits (of 3) from port B of cell top.$flatten\rx$22.$procmux$340_CMP0 ($eq).
Removed top 1 bits (of 3) from port B of cell top.$flatten\rx$22.$procmux$329_CMP0 ($eq).
Removed top 1 bits (of 4) from port Y of cell top.$flatten\rx$22.$28 ($add).
Removed top 1 bits (of 8) from port Y of cell top.$flatten\rx$22.$25 ($sub).
Removed top 1 bits (of 2) from port B of cell top.$flatten\tx$23.$procmux$237_CMP0 ($eq).
Removed top 1 bits (of 8) from port Y of cell top.$flatten\tx$23.$22 ($sub).
Removed top 1 bits (of 8) from wire top.$flatten\tx$23.$10.
Removed top 1 bits (of 4) from wire top.$flatten\rx$22.$7.
Removed top 1 bits (of 8) from wire top.$flatten\rx$22.$10.

2.16. Executing PEEPOPT pass (run peephole optimizers).
shiftadd pattern in top: shift=$flatten\tx$23.$27, add/sub=$flatten\tx$23.$25, offset: 1
Warning: at /Users/zenasboamah/Amaranth_Tutorial/amaranth_lattice_ecp5/hardware_stub_ecp5.py:188: result of shift operation is always constant (shifting '1'0' by '\tx$23.bit_index + 1' bits)

2.17. Executing OPT_CLEAN pass (remove unused cells and wires).
Finding unused cells or wires in module \top..
Removed 0 unused cells and 3 unused wires.
<suppressed ~1 debug messages>

2.18. Executing SHARE pass (SAT-based resource sharing).

2.19. Executing TECHMAP pass (map to technology primitives).

2.19.1. Executing Verilog-2005 frontend: /Users/zenasboamah/oss-cad-suite/libexec/../share/yosys/cmp2lut.v
Parsing Verilog input from `/Users/zenasboamah/oss-cad-suite/libexec/../share/yosys/cmp2lut.v' to AST representation.
Generating RTLIL representation for module `\_90_lut_cmp_'.
Successfully finished Verilog frontend.

2.19.2. Continuing TECHMAP pass.
No more expansions possible.
<suppressed ~6 debug messages>

2.20. Executing OPT_EXPR pass (perform const folding).
Optimizing module top.

2.21. Executing OPT_CLEAN pass (remove unused cells and wires).
Finding unused cells or wires in module \top..

2.22. Executing TECHMAP pass (map to technology primitives).

2.22.1. Executing Verilog-2005 frontend: /Users/zenasboamah/oss-cad-suite/libexec/../share/yosys/mul2dsp.v
Parsing Verilog input from `/Users/zenasboamah/oss-cad-suite/libexec/../share/yosys/mul2dsp.v' to AST representation.
Generating RTLIL representation for module `\_80_mul'.
Generating RTLIL representation for module `\_90_soft_mul'.
Successfully finished Verilog frontend.

2.22.2. Continuing TECHMAP pass.
No more expansions possible.
<suppressed ~4 debug messages>

2.23. Executing TECHMAP pass (map to technology primitives).

2.23.1. Executing Verilog-2005 frontend: /Users/zenasboamah/oss-cad-suite/libexec/../share/yosys/lattice/dsp_map_18x18.v
Parsing Verilog input from `/Users/zenasboamah/oss-cad-suite/libexec/../share/yosys/lattice/dsp_map_18x18.v' to AST representation.
Generating RTLIL representation for module `$__MUL18X18'.
Successfully finished Verilog frontend.

2.23.2. Continuing TECHMAP pass.
No more expansions possible.
<suppressed ~3 debug messages>

2.24. Executing ALUMACC pass (create $alu and $macc cells).
Extracting $alu and $macc cells in module top:
  creating $macc model for $flatten\tx$23.$22 ($sub).
  creating $macc model for $flatten\rx$22.$25 ($sub).
  creating $macc model for $flatten\rx$22.$28 ($add).
  creating $macc model for $flatten\tx$23.$25 ($add).
  creating $alu model for $macc $flatten\tx$23.$25.
  creating $alu model for $macc $flatten\rx$22.$28.
  creating $alu model for $macc $flatten\rx$22.$25.
  creating $alu model for $macc $flatten\tx$23.$22.
  creating $alu cell for $flatten\tx$23.$22: $auto$alumacc.cc:512:replace_alu$591
  creating $alu cell for $flatten\rx$22.$25: $auto$alumacc.cc:512:replace_alu$594
  creating $alu cell for $flatten\rx$22.$28: $auto$alumacc.cc:512:replace_alu$597
  creating $alu cell for $flatten\tx$23.$25: $auto$alumacc.cc:512:replace_alu$600
  created 4 $alu and 0 $macc cells.

2.25. Executing OPT pass (performing simple optimizations).

2.25.1. Executing OPT_EXPR pass (perform const folding).
Optimizing module top.

2.25.2. Executing OPT_MERGE pass (detect identical cells).
Finding identical cells in module `\top'.
Computing hashes of 168 cells of `\top'.
Finding duplicate cells in `\top'.
Removed a total of 0 cells.

2.25.3. Executing OPT_MUXTREE pass (detect dead branches in mux trees).
Running muxtree optimizer on module \top..
  Creating internal representation of mux trees.
  Evaluating internal representation of mux trees.
  Analyzing evaluation results.
Removed 0 multiplexer ports.
<suppressed ~61 debug messages>

2.25.4. Executing OPT_REDUCE pass (consolidate $*mux and $reduce_* inputs).
  Optimizing cells in module \top.
Performed a total of 0 changes.

2.25.5. Executing OPT_MERGE pass (detect identical cells).
Finding identical cells in module `\top'.
Computing hashes of 168 cells of `\top'.
Finding duplicate cells in `\top'.
Removed a total of 0 cells.

2.25.6. Executing OPT_DFF pass (perform DFF optimizations).

2.25.7. Executing OPT_CLEAN pass (remove unused cells and wires).
Finding unused cells or wires in module \top..

2.25.8. Executing OPT_EXPR pass (perform const folding).
Optimizing module top.

2.25.9. Finished fast OPT passes. (There is nothing left to do.)

2.26. Executing MEMORY pass.

2.26.1. Executing OPT_MEM pass (optimize memories).
Performed a total of 0 transformations.

2.26.2. Executing OPT_MEM_PRIORITY pass (removing unnecessary memory write priority relations).
Performed a total of 0 transformations.

2.26.3. Executing OPT_MEM_FEEDBACK pass (finding memory read-to-write feedback paths).

2.26.4. Executing MEMORY_BMUX2ROM pass (converting muxes to ROMs).

2.26.5. Executing MEMORY_DFF pass (merging $dff cells to $memrd).

2.26.6. Executing OPT_CLEAN pass (remove unused cells and wires).
Finding unused cells or wires in module \top..

2.26.7. Executing MEMORY_SHARE pass (consolidating $memrd/$memwr cells).

2.26.8. Executing OPT_MEM_WIDEN pass (optimize memories where all ports are wide).
Performed a total of 0 transformations.

2.26.9. Executing OPT_CLEAN pass (remove unused cells and wires).
Finding unused cells or wires in module \top..

2.26.10. Executing MEMORY_COLLECT pass (generating $mem cells).

2.27. Executing OPT_CLEAN pass (remove unused cells and wires).
Finding unused cells or wires in module \top..

2.28. Executing MEMORY_LIBMAP pass (mapping memories to cells).

2.29. Executing TECHMAP pass (map to technology primitives).

2.29.1. Executing Verilog-2005 frontend: /Users/zenasboamah/oss-cad-suite/libexec/../share/yosys/lattice/lutrams_map_trellis.v
Parsing Verilog input from `/Users/zenasboamah/oss-cad-suite/libexec/../share/yosys/lattice/lutrams_map_trellis.v' to AST representation.
Generating RTLIL representation for module `$__TRELLIS_DPR16X4_'.
Successfully finished Verilog frontend.

2.29.2. Executing Verilog-2005 frontend: /Users/zenasboamah/oss-cad-suite/libexec/../share/yosys/lattice/brams_map_16kd.v
Parsing Verilog input from `/Users/zenasboamah/oss-cad-suite/libexec/../share/yosys/lattice/brams_map_16kd.v' to AST representation.
Generating RTLIL representation for module `$__DP16KD_'.
Generating RTLIL representation for module `$__PDPW16KD_'.
Successfully finished Verilog frontend.

2.29.3. Continuing TECHMAP pass.
No more expansions possible.
<suppressed ~5 debug messages>

2.30. Executing OPT pass (performing simple optimizations).

2.30.1. Executing OPT_EXPR pass (perform const folding).
Optimizing module top.
<suppressed ~34 debug messages>

2.30.2. Executing OPT_MERGE pass (detect identical cells).
Finding identical cells in module `\top'.
Computing hashes of 141 cells of `\top'.
Finding duplicate cells in `\top'.
Computing hashes of 139 cells of `\top'.
Finding duplicate cells in `\top'.
<suppressed ~6 debug messages>
Removed a total of 2 cells.

2.30.3. Executing OPT_DFF pass (perform DFF optimizations).
Adding SRST signal on $auto$ff.cc:337:slice$484 ($dffe) from module top (D = $flatten\tx$23.$procmux$244_Y, Q = \tx$23.bit_index, rval = 3'000).
Adding SRST signal on $auto$ff.cc:337:slice$544 ($dffe) from module top (D = $flatten\rx$22.$procmux$373_Y, Q = \rx$22.bit_index, rval = 3'000).

2.30.4. Executing OPT_CLEAN pass (remove unused cells and wires).
Finding unused cells or wires in module \top..
Removed 2 unused cells and 30 unused wires.
<suppressed ~3 debug messages>

2.30.5. Rerunning OPT passes. (Removed registers in this run.)

2.30.6. Executing OPT_EXPR pass (perform const folding).
Optimizing module top.

2.30.7. Executing OPT_MERGE pass (detect identical cells).
Finding identical cells in module `\top'.
Computing hashes of 137 cells of `\top'.
Finding duplicate cells in `\top'.
Removed a total of 0 cells.

2.30.8. Executing OPT_DFF pass (perform DFF optimizations).

2.30.9. Executing OPT_CLEAN pass (remove unused cells and wires).
Finding unused cells or wires in module \top..

2.30.10. Finished fast OPT passes.

2.31. Executing MEMORY_MAP pass (converting memories to logic and flip-flops).

2.32. Executing OPT pass (performing simple optimizations).

2.32.1. Executing OPT_EXPR pass (perform const folding).
Optimizing module top.

2.32.2. Executing OPT_MERGE pass (detect identical cells).
Finding identical cells in module `\top'.
Computing hashes of 137 cells of `\top'.
Finding duplicate cells in `\top'.
Removed a total of 0 cells.

2.32.3. Executing OPT_MUXTREE pass (detect dead branches in mux trees).
Running muxtree optimizer on module \top..
  Creating internal representation of mux trees.
  Evaluating internal representation of mux trees.
  Analyzing evaluation results.
Removed 0 multiplexer ports.
<suppressed ~28 debug messages>

2.32.4. Executing OPT_REDUCE pass (consolidate $*mux and $reduce_* inputs).
  Optimizing cells in module \top.
    Consolidated identical input bits for $mux cell $flatten\rx$22.$procmux$392:
      Old ports: A=2'10, B=2'00, Y=$flatten\rx$22.$procmux$392_Y
      New ports: A=1'1, B=1'0, Y=$flatten\rx$22.$procmux$392_Y [1]
      New connections: $flatten\rx$22.$procmux$392_Y [0] = 1'0
    New ctrl vector for $pmux cell $flatten\rx$22.$procmux$403: { $flatten\rx$22.$procmux$293_CMP $auto$opt_reduce.cc:135:opt_pmux$736 }
  Optimizing cells in module \top.
Performed a total of 2 changes.

2.32.5. Executing OPT_MERGE pass (detect identical cells).
Finding identical cells in module `\top'.
Computing hashes of 138 cells of `\top'.
Finding duplicate cells in `\top'.
Computing hashes of 137 cells of `\top'.
Finding duplicate cells in `\top'.
<suppressed ~3 debug messages>
Removed a total of 1 cells.

2.32.6. Executing OPT_DFF pass (perform DFF optimizations).

2.32.7. Executing OPT_CLEAN pass (remove unused cells and wires).
Finding unused cells or wires in module \top..
Removed 0 unused cells and 1 unused wires.
<suppressed ~1 debug messages>

2.32.8. Executing OPT_EXPR pass (perform const folding).
Optimizing module top.

2.32.9. Rerunning OPT passes. (Maybe there is more to do..)

2.32.10. Executing OPT_MUXTREE pass (detect dead branches in mux trees).
Running muxtree optimizer on module \top..
  Creating internal representation of mux trees.
  Evaluating internal representation of mux trees.
  Analyzing evaluation results.
Removed 0 multiplexer ports.
<suppressed ~26 debug messages>

2.32.11. Executing OPT_REDUCE pass (consolidate $*mux and $reduce_* inputs).
  Optimizing cells in module \top.
Performed a total of 0 changes.

2.32.12. Executing OPT_MERGE pass (detect identical cells).
Finding identical cells in module `\top'.
Computing hashes of 137 cells of `\top'.
Finding duplicate cells in `\top'.
Removed a total of 0 cells.

2.32.13. Executing OPT_DFF pass (perform DFF optimizations).

2.32.14. Executing OPT_CLEAN pass (remove unused cells and wires).
Finding unused cells or wires in module \top..

2.32.15. Executing OPT_EXPR pass (perform const folding).
Optimizing module top.

2.32.16. Finished fast OPT passes. (There is nothing left to do.)

2.33. Executing TECHMAP pass (map to technology primitives).

2.33.1. Executing Verilog-2005 frontend: /Users/zenasboamah/oss-cad-suite/libexec/../share/yosys/techmap.v
Parsing Verilog input from `/Users/zenasboamah/oss-cad-suite/libexec/../share/yosys/techmap.v' to AST representation.
Generating RTLIL representation for module `\_90_simplemap_bool_ops'.
Generating RTLIL representation for module `\_90_simplemap_reduce_ops'.
Generating RTLIL representation for module `\_90_simplemap_logic_ops'.
Generating RTLIL representation for module `\_90_simplemap_compare_ops'.
Generating RTLIL representation for module `\_90_simplemap_various'.
Generating RTLIL representation for module `\_90_simplemap_registers'.
Generating RTLIL representation for module `\_90_shift_ops_shr_shl_sshl_sshr'.
Generating RTLIL representation for module `\_90_shift_shiftx'.
Generating RTLIL representation for module `\_90_fa'.
Generating RTLIL representation for module `\_90_lcu_brent_kung'.
Generating RTLIL representation for module `\_90_alu'.
Generating RTLIL representation for module `\_90_macc'.
Generating RTLIL representation for module `\_90_alumacc'.
Generating RTLIL representation for module `$__div_mod_u'.
Generating RTLIL representation for module `$__div_mod_trunc'.
Generating RTLIL representation for module `\_90_div'.
Generating RTLIL representation for module `\_90_mod'.
Generating RTLIL representation for module `$__div_mod_floor'.
Generating RTLIL representation for module `\_90_divfloor'.
Generating RTLIL representation for module `\_90_modfloor'.
Generating RTLIL representation for module `\_90_pow'.
Generating RTLIL representation for module `\_90_demux'.
Generating RTLIL representation for module `\_90_lut'.
Generating RTLIL representation for module `$connect'.
Generating RTLIL representation for module `$input_port'.
Successfully finished Verilog frontend.

2.33.2. Executing Verilog-2005 frontend: /Users/zenasboamah/oss-cad-suite/libexec/../share/yosys/lattice/arith_map_ccu2c.v
Parsing Verilog input from `/Users/zenasboamah/oss-cad-suite/libexec/../share/yosys/lattice/arith_map_ccu2c.v' to AST representation.
Generating RTLIL representation for module `\_80_ccu2c_alu'.
Successfully finished Verilog frontend.

2.33.3. Continuing TECHMAP pass.
Using extmapper simplemap for cells of type $reduce_or.
Using extmapper simplemap for cells of type $sdffce.
Using template $paramod$bfceb922395790c0ce92e9f9b5b428d4fc72cc30\_90_alu for cells of type $alu.
Using template $paramod$3ef7d3dd227da7627a99c5e5a6a4deb817573e39\_90_alu for cells of type $alu.
Using template $paramod$10ed987432f06055e5279101f9ec60a49861b43c\_80_ccu2c_alu for cells of type $alu.
Using extmapper simplemap for cells of type $sdff.
Using extmapper simplemap for cells of type $dffe.
Using extmapper simplemap for cells of type $reduce_and.
Using extmapper simplemap for cells of type $ne.
Using extmapper simplemap for cells of type $reduce_bool.
Using extmapper simplemap for cells of type $not.
Using extmapper simplemap for cells of type $and.
Using extmapper simplemap for cells of type $eq.
Using extmapper simplemap for cells of type $dff.
Using extmapper simplemap for cells of type $mux.
Using extmapper simplemap for cells of type $pmux.
Using extmapper simplemap for cells of type $logic_not.
/Users/zenasboamah/oss-cad-suite/libexec/../share/yosys/techmap.v:161: Warning: Range [0:-1] select out of bounds on signal `\buffer': Setting 1 LSB bits to undef.
/Users/zenasboamah/oss-cad-suite/libexec/../share/yosys/techmap.v:161: Warning: Range [0:-1] select out of bounds on signal `\buffer': Setting 1 LSB bits to undef.
Using template $paramod$constmap:01abd47b7314bb51f4dab9a19719642da50f3da5$paramod$f64f8294701066c258f998e316a7a6d268f233ba\_90_shift_shiftx for cells of type $shift.
Using extmapper simplemap for cells of type $xor.
Using template $paramod\_90_fa\WIDTH=32'00000000000000000000000000000100 for cells of type $fa.
Using template $paramod\_90_lcu_brent_kung\WIDTH=32'00000000000000000000000000000100 for cells of type $lcu.
Using extmapper simplemap for cells of type $pos.
Using template $paramod\_90_fa\WIDTH=32'00000000000000000000000000000011 for cells of type $fa.
Using template $paramod\_90_lcu_brent_kung\WIDTH=32'00000000000000000000000000000011 for cells of type $lcu.
Using extmapper simplemap for cells of type $logic_or.
Using extmapper simplemap for cells of type $logic_and.
Using extmapper simplemap for cells of type $or.
No more expansions possible.
<suppressed ~728 debug messages>

2.34. Executing OPT pass (performing simple optimizations).

2.34.1. Executing OPT_EXPR pass (perform const folding).
Optimizing module top.
<suppressed ~286 debug messages>

2.34.2. Executing OPT_MERGE pass (detect identical cells).
Finding identical cells in module `\top'.
Computing hashes of 393 cells of `\top'.
Finding duplicate cells in `\top'.
Computing hashes of 355 cells of `\top'.
Finding duplicate cells in `\top'.
Computing hashes of 352 cells of `\top'.
Finding duplicate cells in `\top'.
<suppressed ~123 debug messages>
Removed a total of 41 cells.

2.34.3. Executing OPT_DFF pass (perform DFF optimizations).
Adding SRST signal on $auto$ff.cc:337:slice$1129 ($_DFFE_PP_) from module top (D = $auto$simplemap.cc:189:logic_reduce$1538, Q = \tx$23.fsm_state [1], rval = 1'0).
Adding SRST signal on $auto$ff.cc:337:slice$946 ($_DFFE_PP_) from module top (D = $auto$simplemap.cc:189:logic_reduce$1284, Q = \rx$22.fsm_state [1], rval = 1'0).
Adding SRST signal on $auto$ff.cc:337:slice$910 ($_DFFE_PP_) from module top (D = $auto$simplemap.cc:189:logic_reduce$1254, Q = \rx$22.bit_timer [6], rval = 1'0).
Adding SRST signal on $auto$ff.cc:337:slice$904 ($_DFFE_PP_) from module top (D = $auto$simplemap.cc:189:logic_reduce$1212, Q = \rx$22.bit_timer [0], rval = 1'0).
Adding SRST signal on $auto$ff.cc:337:slice$905 ($_DFFE_PP_) from module top (D = $auto$simplemap.cc:189:logic_reduce$1219, Q = \rx$22.bit_timer [1], rval = 1'0).
Adding SRST signal on $auto$ff.cc:337:slice$906 ($_DFFE_PP_) from module top (D = $auto$simplemap.cc:189:logic_reduce$1226, Q = \rx$22.bit_timer [2], rval = 1'1).
Adding SRST signal on $auto$ff.cc:337:slice$907 ($_DFFE_PP_) from module top (D = $auto$simplemap.cc:189:logic_reduce$1233, Q = \rx$22.bit_timer [3], rval = 1'0).
Adding SRST signal on $auto$ff.cc:337:slice$908 ($_DFFE_PP_) from module top (D = $auto$simplemap.cc:189:logic_reduce$1240, Q = \rx$22.bit_timer [4], rval = 1'1).
Adding SRST signal on $auto$ff.cc:337:slice$909 ($_DFFE_PP_) from module top (D = $auto$simplemap.cc:189:logic_reduce$1247, Q = \rx$22.bit_timer [5], rval = 1'1).
Adding SRST signal on $auto$ff.cc:337:slice$945 ($_DFFE_PP_) from module top (D = $auto$simplemap.cc:189:logic_reduce$1273, Q = \rx$22.fsm_state [0], rval = 1'1).
Adding SRST signal on $auto$ff.cc:337:slice$1128 ($_DFFE_PP_) from module top (D = $auto$simplemap.cc:189:logic_reduce$1527, Q = \tx$23.fsm_state [0], rval = 1'1).

2.34.4. Executing OPT_CLEAN pass (remove unused cells and wires).
Finding unused cells or wires in module \top..
Removed 31 unused cells and 355 unused wires.
<suppressed ~32 debug messages>

2.34.5. Rerunning OPT passes. (Removed registers in this run.)

2.34.6. Executing OPT_EXPR pass (perform const folding).
Optimizing module top.

2.34.7. Executing OPT_MERGE pass (detect identical cells).
Finding identical cells in module `\top'.
Computing hashes of 321 cells of `\top'.
Finding duplicate cells in `\top'.
Removed a total of 0 cells.

2.34.8. Executing OPT_DFF pass (perform DFF optimizations).

2.34.9. Executing OPT_CLEAN pass (remove unused cells and wires).
Finding unused cells or wires in module \top..

2.34.10. Finished fast OPT passes.

2.35. Executing OPT_CLEAN pass (remove unused cells and wires).
Finding unused cells or wires in module \top..

2.36. Executing DFFLEGALIZE pass (convert FFs to types supported by the target).

2.37. Executing OPT_MERGE pass (detect identical cells).
Finding identical cells in module `\top'.
Computing hashes of 351 cells of `\top'.
Finding duplicate cells in `\top'.
Computing hashes of 344 cells of `\top'.
Finding duplicate cells in `\top'.
Computing hashes of 337 cells of `\top'.
Finding duplicate cells in `\top'.
<suppressed ~42 debug messages>
Removed a total of 14 cells.

2.38. Executing TECHMAP pass (map to technology primitives).

2.38.1. Executing Verilog-2005 frontend: /Users/zenasboamah/oss-cad-suite/libexec/../share/yosys/lattice/cells_map_trellis.v
Parsing Verilog input from `/Users/zenasboamah/oss-cad-suite/libexec/../share/yosys/lattice/cells_map_trellis.v' to AST representation.
Generating RTLIL representation for module `$_DFF_N_'.
Generating RTLIL representation for module `$_DFF_P_'.
Generating RTLIL representation for module `$_DFFE_NN_'.
Generating RTLIL representation for module `$_DFFE_PN_'.
Generating RTLIL representation for module `$_DFFE_NP_'.
Generating RTLIL representation for module `$_DFFE_PP_'.
Generating RTLIL representation for module `$_DFF_NP0_'.
Generating RTLIL representation for module `$_DFF_NP1_'.
Generating RTLIL representation for module `$_DFF_PP0_'.
Generating RTLIL representation for module `$_DFF_PP1_'.
Generating RTLIL representation for module `$_SDFF_NP0_'.
Generating RTLIL representation for module `$_SDFF_NP1_'.
Generating RTLIL representation for module `$_SDFF_PP0_'.
Generating RTLIL representation for module `$_SDFF_PP1_'.
Generating RTLIL representation for module `$_DFFE_NP0P_'.
Generating RTLIL representation for module `$_DFFE_NP1P_'.
Generating RTLIL representation for module `$_DFFE_PP0P_'.
Generating RTLIL representation for module `$_DFFE_PP1P_'.
Generating RTLIL representation for module `$_DFFE_NP0N_'.
Generating RTLIL representation for module `$_DFFE_NP1N_'.
Generating RTLIL representation for module `$_DFFE_PP0N_'.
Generating RTLIL representation for module `$_DFFE_PP1N_'.
Generating RTLIL representation for module `$_SDFFE_NP0P_'.
Generating RTLIL representation for module `$_SDFFE_NP1P_'.
Generating RTLIL representation for module `$_SDFFE_PP0P_'.
Generating RTLIL representation for module `$_SDFFE_PP1P_'.
Generating RTLIL representation for module `$_SDFFE_NP0N_'.
Generating RTLIL representation for module `$_SDFFE_NP1N_'.
Generating RTLIL representation for module `$_SDFFE_PP0N_'.
Generating RTLIL representation for module `$_SDFFE_PP1N_'.
Generating RTLIL representation for module `$_ALDFF_NP_'.
Generating RTLIL representation for module `$_ALDFF_PP_'.
Generating RTLIL representation for module `$_ALDFFE_NPN_'.
Generating RTLIL representation for module `$_ALDFFE_NPP_'.
Generating RTLIL representation for module `$_ALDFFE_PPN_'.
Generating RTLIL representation for module `$_ALDFFE_PPP_'.
Generating RTLIL representation for module `\FD1P3AX'.
Generating RTLIL representation for module `\FD1P3AY'.
Generating RTLIL representation for module `\FD1P3BX'.
Generating RTLIL representation for module `\FD1P3DX'.
Generating RTLIL representation for module `\FD1P3IX'.
Generating RTLIL representation for module `\FD1P3JX'.
Generating RTLIL representation for module `\FD1S3AX'.
Generating RTLIL representation for module `\FD1S3AY'.
Generating RTLIL representation for module `\FD1S3BX'.
Generating RTLIL representation for module `\FD1S3DX'.
Generating RTLIL representation for module `\FD1S3IX'.
Generating RTLIL representation for module `\FD1S3JX'.
Generating RTLIL representation for module `\IFS1P3BX'.
Generating RTLIL representation for module `\IFS1P3DX'.
Generating RTLIL representation for module `\IFS1P3IX'.
Generating RTLIL representation for module `\IFS1P3JX'.
Generating RTLIL representation for module `\OFS1P3BX'.
Generating RTLIL representation for module `\OFS1P3DX'.
Generating RTLIL representation for module `\OFS1P3IX'.
Generating RTLIL representation for module `\OFS1P3JX'.
Generating RTLIL representation for module `\IB'.
Generating RTLIL representation for module `\IBPU'.
Generating RTLIL representation for module `\IBPD'.
Generating RTLIL representation for module `\OB'.
Generating RTLIL representation for module `\OBZ'.
Generating RTLIL representation for module `\OBZPU'.
Generating RTLIL representation for module `\OBZPD'.
Generating RTLIL representation for module `\OBCO'.
Generating RTLIL representation for module `\BB'.
Generating RTLIL representation for module `\BBPU'.
Generating RTLIL representation for module `\BBPD'.
Generating RTLIL representation for module `\ILVDS'.
Generating RTLIL representation for module `\OLVDS'.
Successfully finished Verilog frontend.

2.38.2. Continuing TECHMAP pass.
Using template IB for cells of type IB.
Using template $paramod$_DFFE_PP_\_TECHMAP_WIREINIT_Q_=1'0 for cells of type $_DFFE_PP_.
Using template $_SDFFE_PP0P_ for cells of type $_SDFFE_PP0P_.
Using template $paramod$_DFF_P_\_TECHMAP_WIREINIT_Q_=1'0 for cells of type $_DFF_P_.
Using template $paramod$_DFFE_PP_\_TECHMAP_WIREINIT_Q_=1'1 for cells of type $_DFFE_PP_.
Using template $_SDFF_PP0_ for cells of type $_SDFF_PP0_.
Using template $paramod$9a2269bd69ed96c519eeb284ffb51a5ff01e36e5\FD1S3AX for cells of type FD1S3AX.
Using template OBZ for cells of type OBZ.
No more expansions possible.
<suppressed ~169 debug messages>

2.39. Executing OPT_EXPR pass (perform const folding).
Optimizing module top.

2.40. Executing SIMPLEMAP pass (map simple cells to gate primitives).

2.41. Executing LATTICE_GSR pass (implement FF init values).
Handling GSR in top.
<suppressed ~1 debug messages>

2.42. Executing ATTRMVCP pass (move or copy attributes).

2.43. Executing OPT_CLEAN pass (remove unused cells and wires).
Finding unused cells or wires in module \top..
Removed 0 unused cells and 276 unused wires.
<suppressed ~1 debug messages>

2.44. Executing TECHMAP pass (map to technology primitives).

2.44.1. Executing Verilog-2005 frontend: /Users/zenasboamah/oss-cad-suite/libexec/../share/yosys/lattice/latches_map.v
Parsing Verilog input from `/Users/zenasboamah/oss-cad-suite/libexec/../share/yosys/lattice/latches_map.v' to AST representation.
Generating RTLIL representation for module `$_DLATCH_N_'.
Generating RTLIL representation for module `$_DLATCH_P_'.
Successfully finished Verilog frontend.

2.44.2. Continuing TECHMAP pass.
No more expansions possible.
<suppressed ~4 debug messages>

2.45. Executing ABC9 pass.

2.45.1. Executing ABC9_OPS pass (helper functions for ABC9).

2.45.2. Executing ABC9_OPS pass (helper functions for ABC9).

2.45.3. Executing PROC pass (convert processes to netlists).

2.45.3.1. Executing PROC_CLEAN pass (remove empty switches from decision trees).
Cleaned up 0 empty switches.

2.45.3.2. Executing PROC_RMDEAD pass (remove dead branches from decision trees).
Marked 1 switch rules as full_case in process $proc$/Users/zenasboamah/oss-cad-suite/libexec/../share/yosys/lattice/common_sim.vh:282$2108 in module $paramod$68581f66a8fa831820fa7633bd24ba569ae9d7e3\TRELLIS_FF.
Removed a total of 0 dead cases.

2.45.3.3. Executing PROC_PRUNE pass (remove redundant assignments in processes).
Removed 0 redundant assignments.
Promoted 1 assignment to connection.

2.45.3.4. Executing PROC_INIT pass (extract init attributes).
Found init rule in `$paramod$68581f66a8fa831820fa7633bd24ba569ae9d7e3\TRELLIS_FF.$proc$/Users/zenasboamah/oss-cad-suite/libexec/../share/yosys/lattice/common_sim.vh:278$2109'.
  Set init value: \Q = 1'0

2.45.3.5. Executing PROC_ARST pass (detect async resets in processes).
Found async reset \muxlsr in `$paramod$68581f66a8fa831820fa7633bd24ba569ae9d7e3\TRELLIS_FF.$proc$/Users/zenasboamah/oss-cad-suite/libexec/../share/yosys/lattice/common_sim.vh:282$2108'.

2.45.3.6. Executing PROC_ROM pass (convert switches to ROMs).
Converted 0 switches.
<suppressed ~1 debug messages>

2.45.3.7. Executing PROC_MUX pass (convert decision trees to multiplexers).
Creating decoders for process `$paramod$68581f66a8fa831820fa7633bd24ba569ae9d7e3\TRELLIS_FF.$proc$/Users/zenasboamah/oss-cad-suite/libexec/../share/yosys/lattice/common_sim.vh:278$2109'.
Creating decoders for process `$paramod$68581f66a8fa831820fa7633bd24ba569ae9d7e3\TRELLIS_FF.$proc$/Users/zenasboamah/oss-cad-suite/libexec/../share/yosys/lattice/common_sim.vh:282$2108'.
     1/1: $0\Q[0:0]

2.45.3.8. Executing PROC_DLATCH pass (convert process syncs to latches).

2.45.3.9. Executing PROC_DFF pass (convert process syncs to FFs).
Creating register for signal `$paramod$68581f66a8fa831820fa7633bd24ba569ae9d7e3\TRELLIS_FF.\Q' using process `$paramod$68581f66a8fa831820fa7633bd24ba569ae9d7e3\TRELLIS_FF.$proc$/Users/zenasboamah/oss-cad-suite/libexec/../share/yosys/lattice/common_sim.vh:282$2108'.
  created $adff cell `$procdff$2114' with positive edge clock and positive level reset.

2.45.3.10. Executing PROC_MEMWR pass (convert process memory writes to cells).

2.45.3.11. Executing PROC_CLEAN pass (remove empty switches from decision trees).
Removing empty process `$paramod$68581f66a8fa831820fa7633bd24ba569ae9d7e3\TRELLIS_FF.$proc$/Users/zenasboamah/oss-cad-suite/libexec/../share/yosys/lattice/common_sim.vh:278$2109'.
Found and cleaned up 1 empty switch in `$paramod$68581f66a8fa831820fa7633bd24ba569ae9d7e3\TRELLIS_FF.$proc$/Users/zenasboamah/oss-cad-suite/libexec/../share/yosys/lattice/common_sim.vh:282$2108'.
Removing empty process `$paramod$68581f66a8fa831820fa7633bd24ba569ae9d7e3\TRELLIS_FF.$proc$/Users/zenasboamah/oss-cad-suite/libexec/../share/yosys/lattice/common_sim.vh:282$2108'.
Cleaned up 1 empty switch.

2.45.4. Executing SCC pass (detecting logic loops).
Found an SCC: $auto$simplemap.cc:46:simplemap_not$1623 $auto$ff.cc:337:slice$825 $auto$simplemap.cc:46:simplemap_not$1622 $auto$ff.cc:337:slice$824 $auto$simplemap.cc:157:simplemap_reduce$1125 $auto$simplemap.cc:227:simplemap_lognot$1550 $auto$simplemap.cc:157:simplemap_reduce$1115 $auto$simplemap.cc:157:simplemap_reduce$1548 $auto$simplemap.cc:157:simplemap_reduce$1102 $auto$simplemap.cc:157:simplemap_reduce$1044 $auto$simplemap.cc:157:simplemap_reduce$1512 $auto$opt_expr.cc:607:replace_const_cells$1815 $auto$simplemap.cc:198:logic_reduce$1518 $auto$simplemap.cc:227:simplemap_lognot$1504 $auto$simplemap.cc:157:simplemap_reduce$1051 $auto$simplemap.cc:157:simplemap_reduce$1502 $auto$simplemap.cc:157:simplemap_reduce$1127 $auto$simplemap.cc:157:simplemap_reduce$1124 $auto$simplemap.cc:227:simplemap_lognot$1494 $auto$simplemap.cc:157:simplemap_reduce$1104 $auto$simplemap.cc:157:simplemap_reduce$1089 $auto$simplemap.cc:157:simplemap_reduce$1075 $auto$simplemap.cc:198:logic_reduce$1493 $auto$ff.cc:337:slice$1927 $auto$dfflegalize.cc:941:flip_pol$1996 $auto$ff.cc:573:convert_ce_over_srst$1994 $auto$simplemap.cc:157:simplemap_reduce$1108 $auto$simplemap.cc:157:simplemap_reduce$1106 $auto$simplemap.cc:157:simplemap_reduce$1103 $auto$simplemap.cc:157:simplemap_reduce$1122 $auto$simplemap.cc:298:simplemap_mux$1433 $auto$simplemap.cc:157:simplemap_reduce$1098 $auto$simplemap.cc:157:simplemap_reduce$1577 $auto$simplemap.cc:157:simplemap_reduce$1575 $auto$opt_expr.cc:607:replace_const_cells$1783 $auto$ff.cc:337:slice$823 $auto$dfflegalize.cc:941:flip_pol$1962 $auto$ff.cc:573:convert_ce_over_srst$1990 $auto$simplemap.cc:157:simplemap_reduce$1091 $auto$simplemap.cc:157:simplemap_reduce$1088 $auto$simplemap.cc:157:simplemap_reduce$1100 $auto$simplemap.cc:227:simplemap_lognot$1514
Found an SCC: $auto$opt_expr.cc:607:replace_const_cells$1843 $auto$ff.cc:337:slice$822 $auto$opt_expr.cc:607:replace_const_cells$1845 $auto$ff.cc:337:slice$821 $auto$simplemap.cc:198:logic_reduce$1207 $auto$simplemap.cc:227:simplemap_lognot$1399 $auto$simplemap.cc:157:simplemap_reduce$1397 $auto$simplemap.cc:198:logic_reduce$1262 $auto$simplemap.cc:227:simplemap_lognot$1389 $auto$simplemap.cc:157:simplemap_reduce$1387 $auto$opt_expr.cc:607:replace_const_cells$1833 $auto$simplemap.cc:198:logic_reduce$1264 $auto$simplemap.cc:227:simplemap_lognot$1296 $auto$simplemap.cc:157:simplemap_reduce$974 $auto$simplemap.cc:157:simplemap_reduce$1294 $auto$simplemap.cc:157:simplemap_reduce$944 $auto$simplemap.cc:157:simplemap_reduce$941 $auto$simplemap.cc:227:simplemap_lognot$1259 $auto$simplemap.cc:198:logic_reduce$1415 $auto$ff.cc:337:slice$1933 $auto$ff.cc:337:slice$1931 $auto$simplemap.cc:198:logic_reduce$1418 $auto$simplemap.cc:198:logic_reduce$1414 $auto$ff.cc:337:slice$1930 $auto$simplemap.cc:157:simplemap_reduce$949 $auto$simplemap.cc:157:simplemap_reduce$981 $auto$simplemap.cc:157:simplemap_reduce$914 $auto$simplemap.cc:157:simplemap_reduce$960 $auto$simplemap.cc:157:simplemap_reduce$925 $auto$simplemap.cc:227:simplemap_lognot$1422 $auto$simplemap.cc:157:simplemap_reduce$903 $auto$simplemap.cc:157:simplemap_reduce$901 $auto$simplemap.cc:157:simplemap_reduce$883 $auto$simplemap.cc:157:simplemap_reduce$893 $auto$simplemap.cc:198:logic_reduce$1421 $auto$simplemap.cc:198:logic_reduce$1419 $auto$ff.cc:337:slice$1929 $auto$dfflegalize.cc:941:flip_pol$1948 $auto$ff.cc:573:convert_ce_over_srst$1978 $auto$simplemap.cc:157:simplemap_reduce$886 $auto$simplemap.cc:157:simplemap_reduce$913 $auto$simplemap.cc:157:simplemap_reduce$939 $auto$simplemap.cc:198:logic_reduce$1258 $auto$ff.cc:337:slice$1928 $auto$dfflegalize.cc:941:flip_pol$1984 $auto$ff.cc:573:convert_ce_over_srst$1982 $auto$simplemap.cc:157:simplemap_reduce$918 $auto$simplemap.cc:157:simplemap_reduce$916 $auto$simplemap.cc:157:simplemap_reduce$912 $auto$simplemap.cc:157:simplemap_reduce$932 $auto$simplemap.cc:227:simplemap_lognot$1412 $auto$simplemap.cc:157:simplemap_reduce$951 $auto$simplemap.cc:157:simplemap_reduce$948 $auto$simplemap.cc:157:simplemap_reduce$967 $auto$simplemap.cc:157:simplemap_reduce$1410 $auto$simplemap.cc:157:simplemap_reduce$1336 $auto$opt_expr.cc:607:replace_const_cells$1847 $auto$ff.cc:337:slice$820 $auto$dfflegalize.cc:941:flip_pol$1970 $auto$ff.cc:573:convert_ce_over_srst$1986 $auto$simplemap.cc:157:simplemap_reduce$953 $auto$simplemap.cc:157:simplemap_reduce$983
Found 2 SCCs in module top.
Found 2 SCCs.

2.45.5. Executing ABC9_OPS pass (helper functions for ABC9).

2.45.6. Executing TECHMAP pass (map to technology primitives).

2.45.6.1. Executing Verilog-2005 frontend: /Users/zenasboamah/oss-cad-suite/libexec/../share/yosys/techmap.v
Parsing Verilog input from `/Users/zenasboamah/oss-cad-suite/libexec/../share/yosys/techmap.v' to AST representation.
Generating RTLIL representation for module `\_90_simplemap_bool_ops'.
Generating RTLIL representation for module `\_90_simplemap_reduce_ops'.
Generating RTLIL representation for module `\_90_simplemap_logic_ops'.
Generating RTLIL representation for module `\_90_simplemap_compare_ops'.
Generating RTLIL representation for module `\_90_simplemap_various'.
Generating RTLIL representation for module `\_90_simplemap_registers'.
Generating RTLIL representation for module `\_90_shift_ops_shr_shl_sshl_sshr'.
Generating RTLIL representation for module `\_90_shift_shiftx'.
Generating RTLIL representation for module `\_90_fa'.
Generating RTLIL representation for module `\_90_lcu_brent_kung'.
Generating RTLIL representation for module `\_90_alu'.
Generating RTLIL representation for module `\_90_macc'.
Generating RTLIL representation for module `\_90_alumacc'.
Generating RTLIL representation for module `$__div_mod_u'.
Generating RTLIL representation for module `$__div_mod_trunc'.
Generating RTLIL representation for module `\_90_div'.
Generating RTLIL representation for module `\_90_mod'.
Generating RTLIL representation for module `$__div_mod_floor'.
Generating RTLIL representation for module `\_90_divfloor'.
Generating RTLIL representation for module `\_90_modfloor'.
Generating RTLIL representation for module `\_90_pow'.
Generating RTLIL representation for module `\_90_demux'.
Generating RTLIL representation for module `\_90_lut'.
Generating RTLIL representation for module `$connect'.
Generating RTLIL representation for module `$input_port'.
Successfully finished Verilog frontend.

2.45.6.2. Continuing TECHMAP pass.
No more expansions possible.
<suppressed ~168 debug messages>

2.45.7. Executing OPT pass (performing simple optimizations).

2.45.7.1. Executing OPT_EXPR pass (perform const folding).
Optimizing module $paramod$68581f66a8fa831820fa7633bd24ba569ae9d7e3\TRELLIS_FF.

2.45.7.2. Executing OPT_MERGE pass (detect identical cells).
Finding identical cells in module `$paramod$68581f66a8fa831820fa7633bd24ba569ae9d7e3\TRELLIS_FF'.
Computing hashes of 2 cells of `$paramod$68581f66a8fa831820fa7633bd24ba569ae9d7e3\TRELLIS_FF'.
Finding duplicate cells in `$paramod$68581f66a8fa831820fa7633bd24ba569ae9d7e3\TRELLIS_FF'.
Removed a total of 0 cells.

2.45.7.3. Executing OPT_MUXTREE pass (detect dead branches in mux trees).
Running muxtree optimizer on module $paramod$68581f66a8fa831820fa7633bd24ba569ae9d7e3\TRELLIS_FF..
  Creating internal representation of mux trees.
  No muxes found in this module.
Removed 0 multiplexer ports.

2.45.7.4. Executing OPT_REDUCE pass (consolidate $*mux and $reduce_* inputs).
  Optimizing cells in module $paramod$68581f66a8fa831820fa7633bd24ba569ae9d7e3\TRELLIS_FF.
Performed a total of 0 changes.

2.45.7.5. Executing OPT_MERGE pass (detect identical cells).
Finding identical cells in module `$paramod$68581f66a8fa831820fa7633bd24ba569ae9d7e3\TRELLIS_FF'.
Computing hashes of 2 cells of `$paramod$68581f66a8fa831820fa7633bd24ba569ae9d7e3\TRELLIS_FF'.
Finding duplicate cells in `$paramod$68581f66a8fa831820fa7633bd24ba569ae9d7e3\TRELLIS_FF'.
Removed a total of 0 cells.

2.45.7.6. Executing OPT_DFF pass (perform DFF optimizations).

2.45.7.7. Executing OPT_CLEAN pass (remove unused cells and wires).
Finding unused cells or wires in module $paramod$68581f66a8fa831820fa7633bd24ba569ae9d7e3\TRELLIS_FF..

2.45.7.8. Executing OPT_EXPR pass (perform const folding).
Optimizing module $paramod$68581f66a8fa831820fa7633bd24ba569ae9d7e3\TRELLIS_FF.

2.45.7.9. Finished fast OPT passes. (There is nothing left to do.)

2.45.8. Executing TECHMAP pass (map to technology primitives).

2.45.8.1. Executing Verilog-2005 frontend: /Users/zenasboamah/oss-cad-suite/libexec/../share/yosys/abc9_map.v
Parsing Verilog input from `/Users/zenasboamah/oss-cad-suite/libexec/../share/yosys/abc9_map.v' to AST representation.
Successfully finished Verilog frontend.

2.45.8.2. Continuing TECHMAP pass.
Using template $paramod$68581f66a8fa831820fa7633bd24ba569ae9d7e3\TRELLIS_FF for cells of type $paramod$68581f66a8fa831820fa7633bd24ba569ae9d7e3\TRELLIS_FF.
No more expansions possible.
<suppressed ~5 debug messages>

2.45.9. Executing Verilog-2005 frontend: /Users/zenasboamah/oss-cad-suite/libexec/../share/yosys/abc9_model.v
Parsing Verilog input from `/Users/zenasboamah/oss-cad-suite/libexec/../share/yosys/abc9_model.v' to AST representation.
Generating RTLIL representation for module `$__ABC9_DELAY'.
Generating RTLIL representation for module `$__ABC9_SCC_BREAKER'.
Generating RTLIL representation for module `$__DFF_N__$abc9_flop'.
Generating RTLIL representation for module `$__DFF_P__$abc9_flop'.
Successfully finished Verilog frontend.

2.45.10. Executing ABC9_OPS pass (helper functions for ABC9).
<suppressed ~2 debug messages>

2.45.11. Executing ABC9_OPS pass (helper functions for ABC9).

2.45.12. Executing ABC9_OPS pass (helper functions for ABC9).
<suppressed ~2 debug messages>

2.45.13. Executing TECHMAP pass (map to technology primitives).

2.45.13.1. Executing Verilog-2005 frontend: /Users/zenasboamah/oss-cad-suite/libexec/../share/yosys/techmap.v
Parsing Verilog input from `/Users/zenasboamah/oss-cad-suite/libexec/../share/yosys/techmap.v' to AST representation.
Generating RTLIL representation for module `\_90_simplemap_bool_ops'.
Generating RTLIL representation for module `\_90_simplemap_reduce_ops'.
Generating RTLIL representation for module `\_90_simplemap_logic_ops'.
Generating RTLIL representation for module `\_90_simplemap_compare_ops'.
Generating RTLIL representation for module `\_90_simplemap_various'.
Generating RTLIL representation for module `\_90_simplemap_registers'.
Generating RTLIL representation for module `\_90_shift_ops_shr_shl_sshl_sshr'.
Generating RTLIL representation for module `\_90_shift_shiftx'.
Generating RTLIL representation for module `\_90_fa'.
Generating RTLIL representation for module `\_90_lcu_brent_kung'.
Generating RTLIL representation for module `\_90_alu'.
Generating RTLIL representation for module `\_90_macc'.
Generating RTLIL representation for module `\_90_alumacc'.
Generating RTLIL representation for module `$__div_mod_u'.
Generating RTLIL representation for module `$__div_mod_trunc'.
Generating RTLIL representation for module `\_90_div'.
Generating RTLIL representation for module `\_90_mod'.
Generating RTLIL representation for module `$__div_mod_floor'.
Generating RTLIL representation for module `\_90_divfloor'.
Generating RTLIL representation for module `\_90_modfloor'.
Generating RTLIL representation for module `\_90_pow'.
Generating RTLIL representation for module `\_90_demux'.
Generating RTLIL representation for module `\_90_lut'.
Generating RTLIL representation for module `$connect'.
Generating RTLIL representation for module `$input_port'.
Successfully finished Verilog frontend.

2.45.13.2. Continuing TECHMAP pass.
Using template $paramod$838872d5a4bab89607f53482b205c0fd50d8b82e\CCU2C for cells of type $paramod$838872d5a4bab89607f53482b205c0fd50d8b82e\CCU2C.
Using extmapper simplemap for cells of type $or.
Using extmapper simplemap for cells of type $and.
Using extmapper simplemap for cells of type $not.
Using extmapper simplemap for cells of type $xor.
Using template $paramod\LUT2\INIT=4'1010 for cells of type LUT2.
Using template $paramod\LUT4\INIT=16'1001011010101010 for cells of type LUT4.
Using extmapper simplemap for cells of type $mux.
No more expansions possible.
<suppressed ~207 debug messages>

2.45.14. Executing OPT pass (performing simple optimizations).

2.45.14.1. Executing OPT_EXPR pass (perform const folding).
Optimizing module top.
<suppressed ~18 debug messages>

2.45.14.2. Executing OPT_MERGE pass (detect identical cells).
Finding identical cells in module `\top'.
Computing hashes of 59 cells of `\top'.
Finding duplicate cells in `\top'.
Computing hashes of 57 cells of `\top'.
Finding duplicate cells in `\top'.
<suppressed ~6 debug messages>
Removed a total of 2 cells.

2.45.14.3. Executing OPT_MUXTREE pass (detect dead branches in mux trees).
Running muxtree optimizer on module \top..
  Creating internal representation of mux trees.
  No muxes found in this module.
Removed 0 multiplexer ports.

2.45.14.4. Executing OPT_REDUCE pass (consolidate $*mux and $reduce_* inputs).
  Optimizing cells in module \top.
Performed a total of 0 changes.

2.45.14.5. Executing OPT_MERGE pass (detect identical cells).
Finding identical cells in module `\top'.
Computing hashes of 57 cells of `\top'.
Finding duplicate cells in `\top'.
Removed a total of 0 cells.

2.45.14.6. Executing OPT_DFF pass (perform DFF optimizations).

2.45.14.7. Executing OPT_CLEAN pass (remove unused cells and wires).
Finding unused cells or wires in module \top..
Removed 0 unused cells and 55 unused wires.
<suppressed ~1 debug messages>

2.45.14.8. Executing OPT_EXPR pass (perform const folding).
Optimizing module top.

2.45.14.9. Rerunning OPT passes. (Maybe there is more to do..)

2.45.14.10. Executing OPT_MUXTREE pass (detect dead branches in mux trees).
Running muxtree optimizer on module \top..
  Creating internal representation of mux trees.
  No muxes found in this module.
Removed 0 multiplexer ports.

2.45.14.11. Executing OPT_REDUCE pass (consolidate $*mux and $reduce_* inputs).
  Optimizing cells in module \top.
Performed a total of 0 changes.

2.45.14.12. Executing OPT_MERGE pass (detect identical cells).
Finding identical cells in module `\top'.
Computing hashes of 57 cells of `\top'.
Finding duplicate cells in `\top'.
Removed a total of 0 cells.

2.45.14.13. Executing OPT_DFF pass (perform DFF optimizations).

2.45.14.14. Executing OPT_CLEAN pass (remove unused cells and wires).
Finding unused cells or wires in module \top..

2.45.14.15. Executing OPT_EXPR pass (perform const folding).
Optimizing module top.

2.45.14.16. Finished fast OPT passes. (There is nothing left to do.)

2.45.15. Executing AIGMAP pass (map logic to AIG).
Module top: replaced 18 cells with 120 new cells, skipped 39 cells.
  replaced 3 cell types:
      14 $_MUX_
       2 $_OR_
       2 $_XOR_
  not replaced 3 cell types:
       4 $_AND_
       4 $_NOT_
      31 $specify2

2.45.16. Executing AIGMAP pass (map logic to AIG).
Module top: replaced 133 cells with 629 new cells, skipped 207 cells.
  replaced 4 cell types:
      30 $_MUX_
       5 $_ORNOT_
      94 $_OR_
       4 $_XOR_
  not replaced 10 cell types:
      70 $_AND_
      51 $_NOT_
       1 $__ABC9_SCC_BREAKER
      20 $scopeinfo
       1 SGSR
      46 TRELLIS_FF
       6 TRELLIS_IO
       8 $paramod$838872d5a4bab89607f53482b205c0fd50d8b82e\CCU2C
       2 $paramod$68581f66a8fa831820fa7633bd24ba569ae9d7e3\TRELLIS_FF
       2 $paramod$68581f66a8fa831820fa7633bd24ba569ae9d7e3\TRELLIS_FF_$abc9_byp

2.45.16.1. Executing ABC9_OPS pass (helper functions for ABC9).

2.45.16.2. Executing ABC9_OPS pass (helper functions for ABC9).

2.45.16.3. Executing XAIGER backend.
<suppressed ~11 debug messages>
Extracted 271 AND gates and 868 wires from module `top' to a netlist network with 58 inputs and 79 outputs.

2.45.16.4. Executing ABC9_EXE pass (technology mapping using ABC9).

2.45.16.5. Executing ABC9.
Running ABC command: "<yosys-exe-dir>/yosys-abc" -s -f <abc-temp-dir>/abc.script 2>&1
ABC: ======== ABC command line "source <abc-temp-dir>/abc.script"
ABC: + read_lut <abc-temp-dir>/input.lut 
ABC: + read_box <abc-temp-dir>/input.box 
ABC: + &read <abc-temp-dir>/input.xaig 
ABC: + &ps 
ABC: <abc-temp-dir>/input : i/o =     58/     79  and =     236  lev =    9 (1.84)  mem = 0.01 MB  box = 10  bb = 2
ABC: + &scorr 
ABC: Warning: The network is combinational.
ABC: + &sweep 
ABC: + &dc2 
ABC: + &dch -f -r 
ABC: + &ps 
ABC: <abc-temp-dir>/input : i/o =     58/     79  and =     159  lev =    7 (1.32)  mem = 0.01 MB  ch =   12  box = 10  bb = 2
ABC: cst =       0  cls =     12  lit =      12  unused =     219  proof =     0
ABC: + &if -W 300 -v 
ABC: K = 7. Memory (bytes): Truth =    0. Cut =   76. Obj =  156. Set =  780. CutMin = no
ABC: Node =     159.  Ch =    12.  Total mem =    0.07 MB. Peak cut mem =    0.02 MB.
ABC: P:  Del = 1605.00.  Ar =     252.0.  Edge =      324.  Cut =     1074.  T =     0.00 sec
ABC: P:  Del = 1605.00.  Ar =     243.0.  Edge =      331.  Cut =     1074.  T =     0.00 sec
ABC: P:  Del = 1605.00.  Ar =     181.0.  Edge =      302.  Cut =     2000.  T =     0.00 sec
ABC: F:  Del = 1591.00.  Ar =      78.0.  Edge =      236.  Cut =     1357.  T =     0.00 sec
ABC: A:  Del = 1591.00.  Ar =      77.0.  Edge =      215.  Cut =     1270.  T =     0.00 sec
ABC: A:  Del = 1591.00.  Ar =      77.0.  Edge =      215.  Cut =     1263.  T =     0.00 sec
ABC: Total time =     0.00 sec
ABC: + &write -n <abc-temp-dir>/output.aig 
ABC: + &mfs 
ABC: + &ps -l 
ABC: <abc-temp-dir>/input : i/o =     58/     79  and =     174  lev =    7 (1.33)  mem = 0.01 MB  box = 10  bb = 2
ABC: Mapping (K=7)  :  lut =     66  edge =     210  lev =    3 (0.75)  levB =    5  mem = 0.00 MB
ABC: LUT = 66 : 2=25 37.9 %  3=9 13.6 %  4=29 43.9 %  5=2 3.0 %  6=0 0.0 %  7=1 1.5 %  Ave = 3.18
ABC: + &write -n <abc-temp-dir>/output.aig 
ABC: + &verify 
ABC: Networks are equivalent.  Time =     0.01 sec
ABC: + time 
ABC: elapse: 0.03 seconds, total: 0.03 seconds

2.45.16.6. Executing AIGER frontend.
<suppressed ~284 debug messages>
Removed 215 unused cells and 457 unused wires.

2.45.16.7. Executing ABC9_OPS pass (helper functions for ABC9).
ABC RESULTS:              $lut cells:       73
ABC RESULTS:   $paramod$838872d5a4bab89607f53482b205c0fd50d8b82e\CCU2C cells:        8
ABC RESULTS:   $paramod$68581f66a8fa831820fa7633bd24ba569ae9d7e3\TRELLIS_FF_$abc9_byp cells:        2
ABC RESULTS:           input signals:       20
ABC RESULTS:          output signals:       64
Removing temp directory.

2.45.17. Executing TECHMAP pass (map to technology primitives).

2.45.17.1. Executing Verilog-2005 frontend: /Users/zenasboamah/oss-cad-suite/libexec/../share/yosys/abc9_unmap.v
Parsing Verilog input from `/Users/zenasboamah/oss-cad-suite/libexec/../share/yosys/abc9_unmap.v' to AST representation.
Generating RTLIL representation for module `$__DFF_x__$abc9_flop'.
Generating RTLIL representation for module `$__ABC9_SCC_BREAKER'.
Successfully finished Verilog frontend.

2.45.17.2. Continuing TECHMAP pass.
Using template $paramod$__ABC9_SCC_BREAKER\WIDTH=32'00000000000000000000000000000010 for cells of type $__ABC9_SCC_BREAKER.
Using template $paramod$68581f66a8fa831820fa7633bd24ba569ae9d7e3\TRELLIS_FF for cells of type $paramod$68581f66a8fa831820fa7633bd24ba569ae9d7e3\TRELLIS_FF.
Using template $paramod$68581f66a8fa831820fa7633bd24ba569ae9d7e3\TRELLIS_FF_$abc9_byp for cells of type $paramod$68581f66a8fa831820fa7633bd24ba569ae9d7e3\TRELLIS_FF_$abc9_byp.
Using template $paramod$838872d5a4bab89607f53482b205c0fd50d8b82e\CCU2C for cells of type $paramod$838872d5a4bab89607f53482b205c0fd50d8b82e\CCU2C.
No more expansions possible.
<suppressed ~32 debug messages>
Removed 19 unused cells and 1088 unused wires.

2.46. Executing TECHMAP pass (map to technology primitives).

2.46.1. Executing Verilog-2005 frontend: /Users/zenasboamah/oss-cad-suite/libexec/../share/yosys/lattice/cells_map_trellis.v
Parsing Verilog input from `/Users/zenasboamah/oss-cad-suite/libexec/../share/yosys/lattice/cells_map_trellis.v' to AST representation.
Generating RTLIL representation for module `$_DFF_N_'.
Generating RTLIL representation for module `$_DFF_P_'.
Generating RTLIL representation for module `$_DFFE_NN_'.
Generating RTLIL representation for module `$_DFFE_PN_'.
Generating RTLIL representation for module `$_DFFE_NP_'.
Generating RTLIL representation for module `$_DFFE_PP_'.
Generating RTLIL representation for module `$_DFF_NP0_'.
Generating RTLIL representation for module `$_DFF_NP1_'.
Generating RTLIL representation for module `$_DFF_PP0_'.
Generating RTLIL representation for module `$_DFF_PP1_'.
Generating RTLIL representation for module `$_SDFF_NP0_'.
Generating RTLIL representation for module `$_SDFF_NP1_'.
Generating RTLIL representation for module `$_SDFF_PP0_'.
Generating RTLIL representation for module `$_SDFF_PP1_'.
Generating RTLIL representation for module `$_DFFE_NP0P_'.
Generating RTLIL representation for module `$_DFFE_NP1P_'.
Generating RTLIL representation for module `$_DFFE_PP0P_'.
Generating RTLIL representation for module `$_DFFE_PP1P_'.
Generating RTLIL representation for module `$_DFFE_NP0N_'.
Generating RTLIL representation for module `$_DFFE_NP1N_'.
Generating RTLIL representation for module `$_DFFE_PP0N_'.
Generating RTLIL representation for module `$_DFFE_PP1N_'.
Generating RTLIL representation for module `$_SDFFE_NP0P_'.
Generating RTLIL representation for module `$_SDFFE_NP1P_'.
Generating RTLIL representation for module `$_SDFFE_PP0P_'.
Generating RTLIL representation for module `$_SDFFE_PP1P_'.
Generating RTLIL representation for module `$_SDFFE_NP0N_'.
Generating RTLIL representation for module `$_SDFFE_NP1N_'.
Generating RTLIL representation for module `$_SDFFE_PP0N_'.
Generating RTLIL representation for module `$_SDFFE_PP1N_'.
Generating RTLIL representation for module `$_ALDFF_NP_'.
Generating RTLIL representation for module `$_ALDFF_PP_'.
Generating RTLIL representation for module `$_ALDFFE_NPN_'.
Generating RTLIL representation for module `$_ALDFFE_NPP_'.
Generating RTLIL representation for module `$_ALDFFE_PPN_'.
Generating RTLIL representation for module `$_ALDFFE_PPP_'.
Generating RTLIL representation for module `\FD1P3AX'.
Generating RTLIL representation for module `\FD1P3AY'.
Generating RTLIL representation for module `\FD1P3BX'.
Generating RTLIL representation for module `\FD1P3DX'.
Generating RTLIL representation for module `\FD1P3IX'.
Generating RTLIL representation for module `\FD1P3JX'.
Generating RTLIL representation for module `\FD1S3AX'.
Generating RTLIL representation for module `\FD1S3AY'.
Generating RTLIL representation for module `\FD1S3BX'.
Generating RTLIL representation for module `\FD1S3DX'.
Generating RTLIL representation for module `\FD1S3IX'.
Generating RTLIL representation for module `\FD1S3JX'.
Generating RTLIL representation for module `\IFS1P3BX'.
Generating RTLIL representation for module `\IFS1P3DX'.
Generating RTLIL representation for module `\IFS1P3IX'.
Generating RTLIL representation for module `\IFS1P3JX'.
Generating RTLIL representation for module `\OFS1P3BX'.
Generating RTLIL representation for module `\OFS1P3DX'.
Generating RTLIL representation for module `\OFS1P3IX'.
Generating RTLIL representation for module `\OFS1P3JX'.
Generating RTLIL representation for module `\IB'.
Generating RTLIL representation for module `\IBPU'.
Generating RTLIL representation for module `\IBPD'.
Generating RTLIL representation for module `\OB'.
Generating RTLIL representation for module `\OBZ'.
Generating RTLIL representation for module `\OBZPU'.
Generating RTLIL representation for module `\OBZPD'.
Generating RTLIL representation for module `\OBCO'.
Generating RTLIL representation for module `\BB'.
Generating RTLIL representation for module `\BBPU'.
Generating RTLIL representation for module `\BBPD'.
Generating RTLIL representation for module `\ILVDS'.
Generating RTLIL representation for module `\OLVDS'.
Generating RTLIL representation for module `$lut'.
Successfully finished Verilog frontend.

2.46.2. Continuing TECHMAP pass.
Using template $paramod$lut\WIDTH=32'00000000000000000000000000000011\LUT=8'00011010 for cells of type $lut.
Using template $paramod$lut\WIDTH=32'00000000000000000000000000000010\LUT=4'0001 for cells of type $lut.
Using template $paramod$lut\WIDTH=32'00000000000000000000000000000010\LUT=4'1101 for cells of type $lut.
Using template $paramod$658b9ed803f0d3d335616d3858b53e0a2522f1e8$lut for cells of type $lut.
Using template $paramod$6e238df02989b317f10820a22773676e71120644$lut for cells of type $lut.
Using template $paramod$lut\WIDTH=32'00000000000000000000000000000011\LUT=8'01111111 for cells of type $lut.
Using template $paramod$lut\WIDTH=32'00000000000000000000000000000010\LUT=4'0010 for cells of type $lut.
Using template $paramod$6b0849254d6c87461fb93e37cc18f089f61eb912$lut for cells of type $lut.
Using template $paramod$e68ed176a4e14d7a98c88ff1f2b9388358a426b2$lut for cells of type $lut.
Using template $paramod$a2725b7ce891a4e7f6aa4729a4bc31ac6e9b27f2$lut for cells of type $lut.
Using template $paramod$571404c0889eaf57f492cb5e37f8acb5df5852f9$lut for cells of type $lut.
Using template $paramod$lut\WIDTH=32'00000000000000000000000000000011\LUT=8'10000000 for cells of type $lut.
Using template $paramod$dd82bdb82a639de3374fa55b64e3421389be06aa$lut for cells of type $lut.
Using template $paramod$lut\WIDTH=32'00000000000000000000000000000010\LUT=4'1110 for cells of type $lut.
Using template $paramod$668e7be7ef723fafcb0e3c08c2129979fc64d003$lut for cells of type $lut.
Using template $paramod$lut\WIDTH=32'00000000000000000000000000000010\LUT=4'0110 for cells of type $lut.
Using template $paramod$lut\WIDTH=32'00000000000000000000000000000011\LUT=8'01101010 for cells of type $lut.
Using template $paramod$lut\WIDTH=32'00000000000000000000000000000010\LUT=4'1000 for cells of type $lut.
Using template $paramod$lut\WIDTH=32'00000000000000000000000000000011\LUT=8'11110100 for cells of type $lut.
Using template $paramod$87d995c9509899eb095b19b358f1d0ee4e974b2d$lut for cells of type $lut.
Using template $paramod$lut\WIDTH=32'00000000000000000000000000000010\LUT=4'0100 for cells of type $lut.
Using template $paramod$364c9ffbffac467d60dfec81bba4e18476c15602$lut for cells of type $lut.
Using template $paramod$46ed85e82bc5c7b639416576435e7a52097cedd8$lut for cells of type $lut.
Using template $paramod$82b4a585d1edcb5c6e755dc9bd3392228a1c1304$lut for cells of type $lut.
Using template $paramod$3357e04690749b6c89de0fcd28f53cd216bd2047$lut for cells of type $lut.
Using template $paramod$9c7a967a5dd69d8b7070c7493295b0c7b420660f$lut for cells of type $lut.
Using template $paramod$728e616c918eb05878d70b2bb240e381ea2847b9$lut for cells of type $lut.
Using template $paramod$52953750219effadf43093a566baf492fdd6b6c8$lut for cells of type $lut.
Using template $paramod$66bc065539321c4dea8166644e317a448e4a37af$lut for cells of type $lut.
Using template $paramod$1e9d31fd9d29ec2b288c09d6ff4a2646e026682e$lut for cells of type $lut.
Using template $paramod$6d6beead1425af15cf78b27fd9b11b41b5d4bce8$lut for cells of type $lut.
Using template $paramod$272652f6c6fbe9a75eff76e45cc7e2788835518b$lut for cells of type $lut.
Using template $paramod$ee454ad2383885733a4273245816698f8443c10b$lut for cells of type $lut.
Using template $paramod$3f6d9d99ea7ef3b700f056470f3d63fc0240b099$lut for cells of type $lut.
Using template $paramod$9883d2a10857993e94bc2e1a2ffc1acddecd6065$lut for cells of type $lut.
Using template $paramod$lut\WIDTH=32'00000000000000000000000000000001\LUT=2'01 for cells of type $lut.
No more expansions possible.
<suppressed ~614 debug messages>

2.47. Executing OPT_LUT_INS pass (discard unused LUT inputs).
Optimizing LUTs in top.
  Optimizing lut $abc$3831$lut$aiger3830$141.genblk1.genblk1.genblk1.genblk1.genblk1.genblk1.genblk1.lut2 (4 -> 0)
  Optimizing lut $abc$3831$lut$aiger3830$141.genblk1.genblk1.genblk1.genblk1.genblk1.genblk1.genblk1.lut3 (4 -> 0)
  Optimizing lut $abc$3831$lut$aiger3830$141.genblk1.genblk1.genblk1.genblk1.genblk1.genblk1.genblk1.lut4 (4 -> 0)
  Optimizing lut $abc$3831$lut$aiger3830$141.genblk1.genblk1.genblk1.genblk1.genblk1.genblk1.genblk1.lut5 (4 -> 0)
  Optimizing lut $abc$3831$lut$aiger3830$141.genblk1.genblk1.genblk1.genblk1.genblk1.genblk1.genblk1.lut7 (4 -> 0)
  Optimizing lut $abc$3831$lut$aiger3830$141.genblk1.genblk1.genblk1.genblk1.genblk1.genblk1.genblk1.lut0 (4 -> 0)
  Optimizing lut $auto$abc9_ops.cc:1612:reintegrate$3847.genblk1.genblk1.genblk1.genblk1.genblk1.lut0 (4 -> 2)
  Optimizing lut $auto$abc9_ops.cc:1612:reintegrate$3849.genblk1.genblk1.genblk1.genblk1.genblk1.lut0 (4 -> 3)
  Optimizing lut $abc$3831$lut$aiger3830$141.genblk1.genblk1.genblk1.genblk1.genblk1.genblk1.genblk1.lut1 (4 -> 0)
Removed 0 unused cells and 155 unused wires.

2.48. Executing AUTONAME pass.
Renamed 243 objects in module top (71 iterations).
<suppressed ~243 debug messages>

2.49. Executing HIERARCHY pass (managing design hierarchy).
Attribute `top' found on module `top'. Setting top module to top.

2.49.1. Analyzing design hierarchy..
Top module:  \top

2.49.2. Analyzing design hierarchy..
Top module:  \top
Removed 0 unused modules.

2.50. Printing statistics.

=== top ===

        +----------Local Count, excluding submodules.
        | 
      199 wires
      340 wire bits
      199 public wires
      340 public wire bits
        6 ports
        6 port bits
       27 cells
       20   $scopeinfo
        1   SGSR
        6   TRELLIS_IO
      148 submodules
        8   CCU2C
        3   L6MUX21
       83   LUT4
        6   PFUMX
       48   TRELLIS_FF

=== design hierarchy ===

        +----------Count including submodules.
        | 
       27 top

        +----------Count including submodules.
        | 
      199 wires
      340 wire bits
      199 public wires
      340 public wire bits
        6 ports
        6 port bits
        - memories
        - memory bits
        - processes
       27 cells
       20   $scopeinfo
        1   SGSR
        6   TRELLIS_IO
      148 submodules
        8   CCU2C
        3   L6MUX21
       83   LUT4
        6   PFUMX
       48   TRELLIS_FF

2.51. Executing CHECK pass (checking for obvious problems).
Checking module top...
Found and reported 0 problems.

3. Executing JSON backend.

Warnings: 2 unique messages, 3 total
End of script. Logfile hash: 94dc60a139, time: 0.47s, user: 0.36s, system: 0.02s, MEM: 33.45 MB peak
Yosys 0.65+57 (git sha1 9d0cdb855-dirty, aarch64-apple-darwin23.5-clang++ 18.1.8 -fPIC -O3)
Time spent: 52% 19x read_verilog (0 sec), 12% 1x abc9_exe (0 sec), ...
